10.192.219.164 - - [09/Jun/2020:10:24:50 +0530] "POST /OB_SERVICE_MOB/bsnl/DKYCService/saveDKYCJob HTTP/1.1" 10.192.219.164 200 - http-bio-9080-exec-41 /OB_SERVICE_MOB/bsnl/DKYCService/saveDKYCJob 344 15.205 15205 15205
10.192.219.164 - - [09/Jun/2020:10:24:57 +0530] "POST /OB_SERVICE_MOB/bsnl/DKYCService/saveDKYCJob HTTP/1.1" 10.192.219.164 200 - http-bio-9080-exec-42 /OB_SERVICE_MOB/bsnl/DKYCService/saveDKYCJob 343 21.643 21643 21643
10.192.219.165 - - [09/Jun/2020:10:26:36 +0530] "POST /OB_SERVICE_MOB/bsnl/DKYCService/saveDKYCJob HTTP/1.0" 10.192.219.165 500 - http-bio-9080-exec-19 /OB_SERVICE_MOB/bsnl/DKYCService/saveDKYCJob 8912 42.836 42836 42836
10.192.219.165 - - [09/Jun/2020:10:27:05 +0530] "POST /OB_SERVICE_MOB/bsnl/DKYCService/saveDKYCJob HTTP/1.0" 10.192.219.165 500 - http-bio-9080-exec-36 /OB_SERVICE_MOB/bsnl/DKYCService/saveDKYCJob 8912 89.174 89174 89174
10.192.219.165 - - [09/Jun/2020:10:27:37 +0530] "POST /OB_SERVICE_MOB/bsnl/DKYCService/saveDKYCJob HTTP/1.0" 10.192.219.165 200 - http-bio-9080-exec-42 /OB_SERVICE_MOB/bsnl/DKYCService/saveDKYCJob 340 12.920 12920 12920
10.192.219.165 - - [09/Jun/2020:10:27:49 +0530] "POST /OB_SERVICE_MOB/bsnl/DKYCService/saveDKYCJob HTTP/1.0" 10.192.219.165 200 - http-bio-9080-exec-24 /OB_SERVICE_MOB/bsnl/DKYCService/saveDKYCJob 344 23.222 23222 23222
10.192.219.165 - - [09/Jun/2020:10:28:42 +0530] "POST /OB_SERVICE_MOB/bsnl/DKYCService/saveDKYCJob HTTP/1.0" 10.192.219.165 200 - http-bio-9080-exec-6 /OB_SERVICE_MOB/bsnl/DKYCService/saveDKYCJob 344 11.250 11250 11250
10.192.219.164 - - [09/Jun/2020:10:28:52 +0530] "POST /OB_SERVICE_MOB/bsnl/DKYCService/saveDKYCJob HTTP/1.1" 10.192.219.164 200 - http-bio-9080-exec-33 /OB_SERVICE_MOB/bsnl/DKYCService/saveDKYCJob 336 21.307 21307 21307
10.192.219.165 - - [09/Jun/2020:10:28:56 +0530] "POST /OB_SERVICE_MOB/bsnl/DKYCService/saveDKYCJob HTTP/1.0" 10.192.219.165 200 - http-bio-9080-exec-7 /OB_SERVICE_MOB/bsnl/DKYCService/saveDKYCJob 340 10.139 10139 10139
10.192.219.164 - - [09/Jun/2020:10:29:04 +0530] "POST /OB_SERVICE_MOB/bsnl/DKYCService/saveDKYCJob HTTP/1.1" 10.192.219.164 200 - http-bio-9080-exec-19 /OB_SERVICE_MOB/bsnl/DKYCService/saveDKYCJob 317 14.796 14796 14796
10.192.219.164 - - [09/Jun/2020:10:30:23 +0530] "POST /OB_SERVICE_MOB/bsnl/OnboardIntegrationService/getPairedSim HTTP/1.1" 10.192.219.164 200 - http-bio-9080-exec-37 /OB_SERVICE_MOB/bsnl/OnboardIntegrationService/getPairedSim 60 21.732 21732 21732
10.192.219.165 - - [09/Jun/2020:10:30:42 +0530] "POST /OB_SERVICE_MOB/bsnl/DKYCService/saveDKYCJob HTTP/1.0" 10.192.219.165 200 - http-bio-9080-exec-16 /OB_SERVICE_MOB/bsnl/DKYCService/saveDKYCJob 343 10.487 10487 10487
10.192.219.165 - - [09/Jun/2020:10:31:08 +0530] "POST /OB_SERVICE_MOB/bsnl/DKYCService/saveDKYCJob HTTP/1.0" 10.192.219.165 200 - http-bio-9080-exec-40 /OB_SERVICE_MOB/bsnl/DKYCService/saveDKYCJob 343 23.711 23711 23711
10.192.219.164 - - [09/Jun/2020:10:32:21 +0530] "POST /OB_SERVICE_MOB/bsnl/OnboardIntegrationService/getPairedSim HTTP/1.1" 10.192.219.164 200 - http-bio-9080-exec-22 /OB_SERVICE_MOB/bsnl/OnboardIntegrationService/getPairedSim 95 21.078 21078 21078
10.192.219.165 - - [09/Jun/2020:10:32:59 +0530] "POST /OB_SERVICE_MOB/bsnl/DKYCService/saveDKYCJob HTTP/1.0" 10.192.219.165 200 - http-bio-9080-exec-10 /OB_SERVICE_MOB/bsnl/DKYCService/saveDKYCJob 344 18.671 18671 18671
10.192.219.164 - - [09/Jun/2020:10:33:12 +0530] "POST /OB_SERVICE_MOB/bsnl/DKYCService/saveDKYCJob HTTP/1.1" 10.192.219.164 200 - http-bio-9080-exec-15 /OB_SERVICE_MOB/bsnl/DKYCService/saveDKYCJob 343 14.551 14551 14551
10.192.219.165 - - [09/Jun/2020:10:33:37 +0530] "POST /OB_SERVICE_MOB/bsnl/DKYCService/saveDKYCJob HTTP/1.0" 10.192.219.165 200 - http-bio-9080-exec-28 /OB_SERVICE_MOB/bsnl/DKYCService/saveDKYCJob 336 18.891 18891 18890
10.192.219.165 - - [09/Jun/2020:10:33:45 +0530] "POST /OB_SERVICE_MOB/bsnl/DKYCService/saveDKYCJob HTTP/1.0" 10.192.219.165 200 - http-bio-9080-exec-42 /OB_SERVICE_MOB/bsnl/DKYCService/saveDKYCJob 344 10.020 10020 10020
10.192.219.165 - - [09/Jun/2020:10:35:40 +0530] "POST /OB_SERVICE_MOB/bsnl/DKYCService/saveDKYCJob HTTP/1.0" 10.192.219.165 200 - http-bio-9080-exec-7 /OB_SERVICE_MOB/bsnl/DKYCService/saveDKYCJob 344 12.449 12449 12449
10.192.219.164 - - [09/Jun/2020:10:36:10 +0530] "POST /OB_SERVICE_MOB/bsnl/CYMNService/fetchCYMNNos HTTP/1.1" 10.192.219.164 200 - http-bio-9080-exec-6 /OB_SERVICE_MOB/bsnl/CYMNService/fetchCYMNNos 108 19.060 19060 19060
10.192.219.165 - - [09/Jun/2020:10:36:17 +0530] "POST /OB_SERVICE_MOB/bsnl/CYMNService/fetchCYMNNos HTTP/1.0" 10.192.219.165 200 - http-bio-9080-exec-41 /OB_SERVICE_MOB/bsnl/CYMNService/fetchCYMNNos 209 18.753 18753 18753
10.192.219.165 - - [09/Jun/2020:10:36:18 +0530] "POST /OB_SERVICE_MOB/bsnl/CYMNService/fetchCYMNNos HTTP/1.0" 10.192.219.165 200 - http-bio-9080-exec-19 /OB_SERVICE_MOB/bsnl/CYMNService/fetchCYMNNos 5508 10.943 10943 10942
10.192.219.164 - - [09/Jun/2020:10:38:06 +0530] "POST /OB_SERVICE_MOB/bsnl/DKYCService/saveDKYCJob HTTP/1.1" 10.192.219.164 200 - http-bio-9080-exec-4 /OB_SERVICE_MOB/bsnl/DKYCService/saveDKYCJob 344 97.690 97690 97690
10.192.219.165 - - [09/Jun/2020:10:38:32 +0530] "POST /OB_SERVICE_MOB/bsnl/DKYCService/saveDKYCJob HTTP/1.0" 10.192.219.165 200 - http-bio-9080-exec-33 /OB_SERVICE_MOB/bsnl/DKYCService/saveDKYCJob 342 10.671 10671 10671
10.192.219.165 - - [09/Jun/2020:10:39:17 +0530] "POST /OB_SERVICE_MOB/bsnl/DKYCService/saveDKYCJob HTTP/1.0" 10.192.219.165 200 - http-bio-9080-exec-38 /OB_SERVICE_MOB/bsnl/DKYCService/saveDKYCJob 344 12.060 12060 12060
10.192.219.165 - - [09/Jun/2020:10:40:21 +0530] "POST /OB_SERVICE_MOB/bsnl/DKYCService/saveDKYCJob HTTP/1.0" 10.192.219.165 200 - http-bio-9080-exec-13 /OB_SERVICE_MOB/bsnl/DKYCService/saveDKYCJob 343 11.137 11137 11137
10.192.219.165 - - [09/Jun/2020:10:41:13 +0530] "POST /OB_SERVICE_MOB/bsnl/DKYCService/saveDKYCJob HTTP/1.0" 10.192.219.165 200 - http-bio-9080-exec-39 /OB_SERVICE_MOB/bsnl/DKYCService/saveDKYCJob 344 11.475 11475 11475
10.192.219.165 - - [09/Jun/2020:10:41:34 +0530] "POST /OB_SERVICE_MOB/bsnl/DKYCService/saveDKYCJob HTTP/1.0" 10.192.219.165 200 - http-bio-9080-exec-17 /OB_SERVICE_MOB/bsnl/DKYCService/saveDKYCJob 344 11.492 11492 11492
10.192.219.165 - - [09/Jun/2020:10:42:00 +0530] "POST /OB_SERVICE_MOB/bsnl/DKYCService/saveDKYCJob HTTP/1.0" 10.192.219.165 200 - http-bio-9080-exec-40 /OB_SERVICE_MOB/bsnl/DKYCService/saveDKYCJob 399 23.283 23283 23283
10.192.219.165 - - [09/Jun/2020:10:42:20 +0530] "POST /OB_SERVICE_MOB/bsnl/DKYCService/saveDKYCJob HTTP/1.0" 10.192.219.165 200 - http-bio-9080-exec-39 /OB_SERVICE_MOB/bsnl/DKYCService/saveDKYCJob 344 21.201 21201 21201
10.192.219.164 - - [09/Jun/2020:10:42:24 +0530] "POST /OB_SERVICE_MOB/bsnl/DKYCService/saveDKYCJob HTTP/1.1" 10.192.219.164 200 - http-bio-9080-exec-15 /OB_SERVICE_MOB/bsnl/DKYCService/saveDKYCJob 340 10.687 10687 10687
10.192.219.164 - - [09/Jun/2020:10:42:47 +0530] "POST /OB_SERVICE_MOB/bsnl/DKYCService/saveDKYCJob HTTP/1.1" 10.192.219.164 500 - http-bio-9080-exec-5 /OB_SERVICE_MOB/bsnl/DKYCService/saveDKYCJob 8932 40.079 40079 40079
10.192.219.164 - - [09/Jun/2020:10:42:48 +0530] "POST /OB_SERVICE_MOB/bsnl/DKYCService/saveDKYCJob HTTP/1.1" 10.192.219.164 200 - http-bio-9080-exec-1 /OB_SERVICE_MOB/bsnl/DKYCService/saveDKYCJob 344 127.788 127788 127788
10.192.219.164 - - [09/Jun/2020:10:43:46 +0530] "POST /OB_SERVICE_MOB/bsnl/DKYCService/saveDKYCJob HTTP/1.1" 10.192.219.164 200 - http-bio-9080-exec-14 /OB_SERVICE_MOB/bsnl/DKYCService/saveDKYCJob 344 14.284 14284 14284
10.192.219.164 - - [09/Jun/2020:10:43:59 +0530] "POST /OB_SERVICE_MOB/bsnl/DKYCService/saveDKYCJob HTTP/1.1" 10.192.219.164 200 - http-bio-9080-exec-24 /OB_SERVICE_MOB/bsnl/DKYCService/saveDKYCJob 344 17.418 17418 17418
10.192.219.165 - - [09/Jun/2020:10:44:05 +0530] "POST /OB_SERVICE_MOB/bsnl/DKYCService/sendOTPSIMUpgrade HTTP/1.0" 10.192.219.165 200 - http-bio-9080-exec-4 /OB_SERVICE_MOB/bsnl/DKYCService/sendOTPSIMUpgrade 115 18.644 18644 18644
10.192.219.164 - - [09/Jun/2020:10:44:07 +0530] "POST /OB_SERVICE_MOB/bsnl/DKYCService/saveDKYCJob HTTP/1.1" 10.192.219.164 200 - http-bio-9080-exec-5 /OB_SERVICE_MOB/bsnl/DKYCService/saveDKYCJob 343 21.247 21247 21247
10.192.219.165 - - [09/Jun/2020:10:44:34 +0530] "POST /OB_SERVICE_MOB/bsnl/DKYCService/saveDKYCJob HTTP/1.0" 10.192.219.165 500 - http-bio-9080-exec-36 /OB_SERVICE_MOB/bsnl/DKYCService/saveDKYCJob 8912 66.133 66133 66133
10.192.219.164 - - [09/Jun/2020:10:45:24 +0530] "POST /OB_SERVICE_MOB/bsnl/DKYCService/saveDKYCJob HTTP/1.1" 10.192.219.164 500 - http-bio-9080-exec-42 /OB_SERVICE_MOB/bsnl/DKYCService/saveDKYCJob 8932 58.575 58575 58575
10.192.219.165 - - [09/Jun/2020:10:45:26 +0530] "POST /OB_SERVICE_MOB/bsnl/DKYCService/saveDKYCJob HTTP/1.0" 10.192.219.165 200 - http-bio-9080-exec-19 /OB_SERVICE_MOB/bsnl/DKYCService/saveDKYCJob 344 36.235 36235 36235
10.192.219.164 - - [09/Jun/2020:10:46:41 +0530] "POST /OB_SERVICE_MOB/bsnl/OnboardIntegrationService/getPairedSim HTTP/1.1" 10.192.219.164 200 - http-bio-9080-exec-35 /OB_SERVICE_MOB/bsnl/OnboardIntegrationService/getPairedSim 96 19.298 19298 19297
10.192.219.164 - - [09/Jun/2020:10:46:42 +0530] "POST /OB_SERVICE_MOB/bsnl/DKYCService/saveDKYCJob HTTP/1.1" 10.192.219.164 200 - http-bio-9080-exec-30 /OB_SERVICE_MOB/bsnl/DKYCService/saveDKYCJob 342 11.188 11188 11188
10.192.219.165 - - [09/Jun/2020:10:48:39 +0530] "POST /OB_SERVICE_MOB/bsnl/DKYCService/saveDKYCJob HTTP/1.0" 10.192.219.165 200 - http-bio-9080-exec-33 /OB_SERVICE_MOB/bsnl/DKYCService/saveDKYCJob 342 34.869 34869 34869
10.192.219.164 - - [09/Jun/2020:10:49:05 +0530] "POST /OB_SERVICE_MOB/bsnl/DKYCService/saveDKYCJob HTTP/1.1" 10.192.219.164 200 - http-bio-9080-exec-37 /OB_SERVICE_MOB/bsnl/DKYCService/saveDKYCJob 344 79.296 79296 79296
10.192.219.165 - - [09/Jun/2020:10:49:38 +0530] "POST /OB_SERVICE_MOB/bsnl/OnboardIntegrationService/getPairedSim HTTP/1.0" 10.192.219.165 200 - http-bio-9080-exec-3 /OB_SERVICE_MOB/bsnl/OnboardIntegrationService/getPairedSim 109 18.487 18487 18487
10.192.219.165 - - [09/Jun/2020:10:49:50 +0530] "POST /OB_SERVICE_MOB/bsnl/DKYCService/saveDKYCJob HTTP/1.0" 10.192.219.165 200 - http-bio-9080-exec-31 /OB_SERVICE_MOB/bsnl/DKYCService/saveDKYCJob 337 13.620 13620 13620
10.192.219.165 - - [09/Jun/2020:10:50:00 +0530] "POST /OB_SERVICE_MOB/bsnl/DKYCService/saveDKYCJob HTTP/1.0" 10.192.219.165 200 - http-bio-9080-exec-4 /OB_SERVICE_MOB/bsnl/DKYCService/saveDKYCJob 344 14.131 14131 14131
10.192.219.164 - - [09/Jun/2020:10:50:12 +0530] "POST /OB_SERVICE_MOB/bsnl/OnboardIntegrationService/getPairedSim HTTP/1.1" 10.192.219.164 200 - http-bio-9080-exec-29 /OB_SERVICE_MOB/bsnl/OnboardIntegrationService/getPairedSim 96 24.991 24991 24991
10.192.219.165 - - [09/Jun/2020:10:50:13 +0530] "POST /OB_SERVICE_MOB/bsnl/DKYCService/saveDKYCJob HTTP/1.0" 10.192.219.165 200 - http-bio-9080-exec-1 /OB_SERVICE_MOB/bsnl/DKYCService/saveDKYCJob 344 12.144 12144 12144
10.192.219.164 - - [09/Jun/2020:10:50:22 +0530] "POST /OB_SERVICE_MOB/bsnl/DKYCService/saveDKYCJob HTTP/1.1" 10.192.219.164 200 - http-bio-9080-exec-7 /OB_SERVICE_MOB/bsnl/DKYCService/saveDKYCJob 344 12.870 12870 12870
10.192.219.165 - - [09/Jun/2020:10:50:47 +0530] "POST /OB_SERVICE_MOB/bsnl/DKYCService/saveDKYCJob HTTP/1.0" 10.192.219.165 200 - http-bio-9080-exec-23 /OB_SERVICE_MOB/bsnl/DKYCService/saveDKYCJob 343 18.469 18469 18469
10.192.219.165 - - [09/Jun/2020:10:50:56 +0530] "POST /OB_SERVICE_MOB/bsnl/DKYCService/saveDKYCJob HTTP/1.0" 10.192.219.165 200 - http-bio-9080-exec-38 /OB_SERVICE_MOB/bsnl/DKYCService/saveDKYCJob 95 48.628 48628 48628
10.192.219.164 - - [09/Jun/2020:10:51:08 +0530] "POST /OB_SERVICE_MOB/bsnl/OnboardIntegrationService/getPairedSim HTTP/1.1" 10.192.219.164 200 - http-bio-9080-exec-32 /OB_SERVICE_MOB/bsnl/OnboardIntegrationService/getPairedSim 96 21.597 21597 21597
10.192.219.165 - - [09/Jun/2020:10:51:37 +0530] "POST /OB_SERVICE_MOB/bsnl/DKYCService/saveDKYCJob HTTP/1.0" 10.192.219.165 200 - http-bio-9080-exec-17 /OB_SERVICE_MOB/bsnl/DKYCService/saveDKYCJob 343 45.305 45305 45305
10.192.219.164 - - [09/Jun/2020:10:52:10 +0530] "POST /OB_SERVICE_MOB/bsnl/DKYCService/saveDKYCJob HTTP/1.1" 10.192.219.164 200 - http-bio-9080-exec-36 /OB_SERVICE_MOB/bsnl/DKYCService/saveDKYCJob 344 11.192 11192 11192
10.192.219.165 - - [09/Jun/2020:10:52:11 +0530] "POST /OB_SERVICE_MOB/bsnl/DKYCService/saveDKYCJob HTTP/1.0" 10.192.219.165 200 - http-bio-9080-exec-29 /OB_SERVICE_MOB/bsnl/DKYCService/saveDKYCJob 345 13.013 13013 13013
10.192.219.165 - - [09/Jun/2020:10:52:16 +0530] "POST /OB_SERVICE_MOB/bsnl/OnboardIntegrationService/getPairedSim HTTP/1.0" 10.192.219.165 200 - http-bio-9080-exec-30 /OB_SERVICE_MOB/bsnl/OnboardIntegrationService/getPairedSim 60 12.328 12328 12328
10.192.219.164 - - [09/Jun/2020:10:52:17 +0530] "POST /OB_SERVICE_MOB/bsnl/DKYCService/saveDKYCJob HTTP/1.1" 10.192.219.164 200 - http-bio-9080-exec-38 /OB_SERVICE_MOB/bsnl/DKYCService/saveDKYCJob 337 13.521 13521 13521
10.192.219.164 - - [09/Jun/2020:10:52:34 +0530] "POST /OB_SERVICE_MOB/bsnl/OnboardIntegrationService/getPairedSim HTTP/1.1" 10.192.219.164 200 - http-bio-9080-exec-5 /OB_SERVICE_MOB/bsnl/OnboardIntegrationService/getPairedSim 70 25.650 25650 25650
10.192.219.165 - - [09/Jun/2020:10:52:41 +0530] "POST /OB_SERVICE_MOB/bsnl/DKYCService/saveDKYCJob HTTP/1.0" 10.192.219.165 200 - http-bio-9080-exec-17 /OB_SERVICE_MOB/bsnl/DKYCService/saveDKYCJob 331 52.857 52857 52857
10.192.219.165 - - [09/Jun/2020:10:52:42 +0530] "POST /OB_SERVICE_MOB/bsnl/DKYCService/saveDKYCJob HTTP/1.0" 10.192.219.165 200 - http-bio-9080-exec-2 /OB_SERVICE_MOB/bsnl/DKYCService/saveDKYCJob 95 25.116 25116 25116
10.192.219.164 - - [09/Jun/2020:10:53:25 +0530] "POST /OB_SERVICE_MOB/bsnl/DKYCService/saveDKYCJob HTTP/1.1" 10.192.219.164 200 - http-bio-9080-exec-37 /OB_SERVICE_MOB/bsnl/DKYCService/saveDKYCJob 344 42.831 42831 42831
10.192.219.165 - - [09/Jun/2020:10:53:53 +0530] "POST /OB_SERVICE_MOB/bsnl/DKYCService/saveDKYCJob HTTP/1.0" 10.192.219.165 200 - http-bio-9080-exec-31 /OB_SERVICE_MOB/bsnl/DKYCService/saveDKYCJob 340 16.431 16431 16431
10.192.219.165 - - [09/Jun/2020:10:54:10 +0530] "POST /OB_SERVICE_MOB/bsnl/DKYCService/saveDKYCJob HTTP/1.0" 10.192.219.165 200 - http-bio-9080-exec-21 /OB_SERVICE_MOB/bsnl/DKYCService/saveDKYCJob 344 10.247 10247 10247
10.192.219.165 - - [09/Jun/2020:10:54:10 +0530] "POST /OB_SERVICE_MOB/bsnl/DKYCService/saveDKYCJob HTTP/1.0" 10.192.219.165 200 - http-bio-9080-exec-28 /OB_SERVICE_MOB/bsnl/DKYCService/saveDKYCJob 342 15.138 15138 15138
10.192.219.165 - - [09/Jun/2020:10:54:18 +0530] "POST /OB_SERVICE_MOB/bsnl/DKYCService/saveDKYCJob HTTP/1.0" 10.192.219.165 200 - http-bio-9080-exec-3 /OB_SERVICE_MOB/bsnl/DKYCService/saveDKYCJob 343 10.997 10997 10997
10.192.219.28 - - [09/Jun/2020:10:54:37 +0530] "POST /OB_SERVICE_LL/bsnl/Exchange/getAvailableLLNumbers HTTP/1.1" 10.192.219.28 200 - http-bio-9080-exec-33 /OB_SERVICE_LL/bsnl/Exchange/getAvailableLLNumbers 1125 15.532 15532 15532
10.192.219.164 - - [09/Jun/2020:10:54:37 +0530] "POST /Wings/loadWingsLLNos.do HTTP/1.1" 10.192.219.164 200 0EA72C94EE3ECA88F642908192D951B5.nod1worker1 http-bio-9080-exec-13 /Wings/loadWingsLLNos.do 1435 15.545 15545 15545
10.192.219.165 - - [09/Jun/2020:10:55:14 +0530] "POST /OB_SERVICE_MOB/bsnl/OnboardIntegrationService/getListofEmptySims HTTP/1.0" 10.192.219.165 200 - http-bio-9080-exec-23 /OB_SERVICE_MOB/bsnl/OnboardIntegrationService/getListofEmptySims 532 10.972 10972 10972
10.192.219.28 - - [09/Jun/2020:10:55:14 +0530] "POST /OB_SERVICE_MOB/bsnl/DKYCService/saveDKYCCAFApprvlJob HTTP/1.1" 10.192.219.28 200 - http-bio-9080-exec-7 /OB_SERVICE_MOB/bsnl/DKYCService/saveDKYCCAFApprvlJob 416 10.024 10024 10024
10.192.219.164 - - [09/Jun/2020:10:55:14 +0530] "POST /BSNLThinApp/saveDKYCCAFApprvlJob.do HTTP/1.1" 10.192.219.164 200 3C9E0AEEE4FB0BEF3BE15E59D4D30042.nod1worker1 http-bio-9080-exec-28 /BSNLThinApp/saveDKYCCAFApprvlJob.do 609 10.068 10068 10068
10.192.219.28 - - [09/Jun/2020:10:55:14 +0530] "POST /OB_SERVICE_MOB/bsnl/DKYCService/saveDKYCCAFApprvlJob HTTP/1.1" 10.192.219.28 200 - http-bio-9080-exec-12 /OB_SERVICE_MOB/bsnl/DKYCService/saveDKYCCAFApprvlJob 320 10.399 10399 10399
10.192.219.164 - - [09/Jun/2020:10:55:14 +0530] "POST /BSNLThinApp/saveDKYCCAFApprvlJob.do HTTP/1.1" 10.192.219.164 200 BC0E5DE451BE2736A567C01AE0301B73.nod1worker1 http-bio-9080-exec-19 /BSNLThinApp/saveDKYCCAFApprvlJob.do 513 10.444 10444 10444
10.192.219.165 - - [09/Jun/2020:10:55:15 +0530] "POST /OB_SERVICE_MOB/bsnl/DKYCService/saveDKYCJob HTTP/1.0" 10.192.219.165 200 - http-bio-9080-exec-3 /OB_SERVICE_MOB/bsnl/DKYCService/saveDKYCJob 344 11.705 11705 11705
10.192.219.165 - - [09/Jun/2020:10:55:15 +0530] "POST /OB_SERVICE_MOB/bsnl/DKYCService/saveDKYCJob HTTP/1.0" 10.192.219.165 200 - http-bio-9080-exec-33 /OB_SERVICE_MOB/bsnl/DKYCService/saveDKYCJob 344 19.875 19875 19875
10.192.219.165 - - [09/Jun/2020:10:55:27 +0530] "POST /OB_SERVICE_MOB/bsnl/DKYCService/saveDKYCJob HTTP/1.0" 10.192.219.165 200 - http-bio-9080-exec-42 /OB_SERVICE_MOB/bsnl/DKYCService/saveDKYCJob 344 57.114 57114 57114
10.192.219.164 - - [09/Jun/2020:10:55:52 +0530] "POST /OB_SERVICE_MOB/bsnl/OnboardIntegrationService/getPairedSim HTTP/1.1" 10.192.219.164 200 - http-bio-9080-exec-18 /OB_SERVICE_MOB/bsnl/OnboardIntegrationService/getPairedSim 60 20.335 20335 20334
10.192.219.28 - - [09/Jun/2020:10:56:06 +0530] "POST /OB_SERVICE_LL/bsnl/Exchange/reserveLLNo HTTP/1.1" 10.192.219.28 200 - http-bio-9080-exec-62 /OB_SERVICE_LL/bsnl/Exchange/reserveLLNo 146 13.014 13014 13014
10.192.219.164 - - [09/Jun/2020:10:56:06 +0530] "POST /Wings/reserveWingsLLNos.do HTTP/1.1" 10.192.219.164 200 0EA72C94EE3ECA88F642908192D951B5.nod1worker1 http-bio-9080-exec-3 /Wings/reserveWingsLLNos.do 456 13.022 13022 13022
10.192.219.164 - - [09/Jun/2020:10:56:12 +0530] "POST /OB_SERVICE_MOB/bsnl/OnboardIntegrationService/getPairedSim HTTP/1.1" 10.192.219.164 200 - http-bio-9080-exec-45 /OB_SERVICE_MOB/bsnl/OnboardIntegrationService/getPairedSim 109 14.069 14069 14069
10.192.219.164 - - [09/Jun/2020:10:56:14 +0530] "POST /OB_SERVICE_MOB/bsnl/DKYCService/saveDKYCJob HTTP/1.1" 10.192.219.164 200 - http-bio-9080-exec-50 /OB_SERVICE_MOB/bsnl/DKYCService/saveDKYCJob 345 22.765 22765 22765
10.192.219.164 - - [09/Jun/2020:10:56:21 +0530] "POST /OB_SERVICE_MOB/bsnl/DKYCService/saveDKYCJob HTTP/1.1" 10.192.219.164 200 - http-bio-9080-exec-47 /OB_SERVICE_MOB/bsnl/DKYCService/saveDKYCJob 337 33.968 33968 33967
10.192.219.164 - - [09/Jun/2020:10:57:41 +0530] "POST /OB_SERVICE_MOB/bsnl/DKYCService/saveDKYCJob HTTP/1.1" 10.192.219.164 200 - http-bio-9080-exec-4 /OB_SERVICE_MOB/bsnl/DKYCService/saveDKYCJob 342 40.798 40798 40798
10.192.219.165 - - [09/Jun/2020:10:57:54 +0530] "POST /OB_SERVICE_MOB/bsnl/DKYCService/saveDKYCJob HTTP/1.0" 10.192.219.165 500 - http-bio-9080-exec-40 /OB_SERVICE_MOB/bsnl/DKYCService/saveDKYCJob 8912 30.967 30967 30967
10.192.219.165 - - [09/Jun/2020:10:57:56 +0530] "POST /OB_SERVICE_MOB/bsnl/DKYCService/saveDKYCJob HTTP/1.0" 10.192.219.165 200 - http-bio-9080-exec-12 /OB_SERVICE_MOB/bsnl/DKYCService/saveDKYCJob 343 31.710 31710 31710
10.192.219.165 - - [09/Jun/2020:10:58:18 +0530] "POST /OB_SERVICE_MOB/bsnl/OnboardIntegrationService/getPairedSim HTTP/1.0" 10.192.219.165 200 - http-bio-9080-exec-63 /OB_SERVICE_MOB/bsnl/OnboardIntegrationService/getPairedSim 95 22.681 22681 22681
10.192.219.164 - - [09/Jun/2020:10:58:25 +0530] "POST /OB_SERVICE_MOB/bsnl/DKYCService/saveDKYCJob HTTP/1.1" 10.192.219.164 200 - http-bio-9080-exec-42 /OB_SERVICE_MOB/bsnl/DKYCService/saveDKYCJob 343 20.274 20274 20274
10.192.219.165 - - [09/Jun/2020:10:58:43 +0530] "POST /OB_SERVICE_MOB/bsnl/DKYCService/saveDKYCJob HTTP/1.0" 10.192.219.165 200 - http-bio-9080-exec-17 /OB_SERVICE_MOB/bsnl/DKYCService/saveDKYCJob 344 12.525 12525 12525
10.192.219.164 - - [09/Jun/2020:10:58:50 +0530] "POST /OB_SERVICE_MOB/bsnl/DKYCService/sendOTPSIMUpgrade HTTP/1.1" 10.192.219.164 200 - http-bio-9080-exec-64 /OB_SERVICE_MOB/bsnl/DKYCService/sendOTPSIMUpgrade 115 18.108 18108 18107
10.192.219.165 - - [09/Jun/2020:10:59:00 +0530] "POST /OB_SERVICE_MOB/bsnl/DKYCService/saveDKYCJob HTTP/1.0" 10.192.219.165 200 - http-bio-9080-exec-18 /OB_SERVICE_MOB/bsnl/DKYCService/saveDKYCJob 343 33.259 33259 33259
10.192.219.164 - - [09/Jun/2020:10:59:05 +0530] "POST /OB_SERVICE_MOB/bsnl/DKYCService/saveDKYCJob HTTP/1.1" 10.192.219.164 500 - http-bio-9080-exec-32 /OB_SERVICE_MOB/bsnl/DKYCService/saveDKYCJob 8932 80.374 80374 80374
10.192.219.164 - - [09/Jun/2020:10:59:06 +0530] "POST /OB_SERVICE_MOB/bsnl/DKYCService/saveDKYCJob HTTP/1.1" 10.192.219.164 200 - http-bio-9080-exec-46 /OB_SERVICE_MOB/bsnl/DKYCService/saveDKYCJob 343 43.617 43617 43617
10.192.219.28 - - [09/Jun/2020:10:59:18 +0530] "POST /OB_SERVICE_LL/bsnl/Exchange/getAvailableLLNumbers HTTP/1.1" 10.192.219.28 200 - http-bio-9080-exec-48 /OB_SERVICE_LL/bsnl/Exchange/getAvailableLLNumbers 1125 55.400 55400 55400
10.192.219.164 - - [09/Jun/2020:10:59:18 +0530] "POST /Wings/loadWingsLLNos.do HTTP/1.1" 10.192.219.164 200 4EB6941C3068ABE164002921B07805BF.nod1worker1 http-bio-9080-exec-37 /Wings/loadWingsLLNos.do 1435 55.412 55412 55412
10.192.219.165 - - [09/Jun/2020:10:59:43 +0530] "POST /OB_SERVICE_MOB/bsnl/DKYCService/saveDKYCJob HTTP/1.0" 10.192.219.165 200 - http-bio-9080-exec-45 /OB_SERVICE_MOB/bsnl/DKYCService/saveDKYCJob 337 13.653 13653 13653
10.192.219.164 - - [09/Jun/2020:11:00:07 +0530] "POST /OB_SERVICE_MOB/bsnl/DKYCService/saveDKYCJob HTTP/1.1" 10.192.219.164 200 - http-bio-9080-exec-65 /OB_SERVICE_MOB/bsnl/DKYCService/saveDKYCJob 344 10.897 10897 10897
10.192.219.164 - - [09/Jun/2020:11:00:08 +0530] "POST /OB_SERVICE_MOB/bsnl/DKYCService/saveDKYCJob HTTP/1.1" 10.192.219.164 200 - http-bio-9080-exec-42 /OB_SERVICE_MOB/bsnl/DKYCService/saveDKYCJob 342 52.770 52770 52770
10.192.219.164 - - [09/Jun/2020:11:00:14 +0530] "POST /OB_SERVICE_MOB/bsnl/DKYCService/saveDKYCJob HTTP/1.1" 10.192.219.164 200 - http-bio-9080-exec-39 /OB_SERVICE_MOB/bsnl/DKYCService/saveDKYCJob 344 18.709 18709 18709
10.192.219.165 - - [09/Jun/2020:11:01:45 +0530] "POST /OB_SERVICE_MOB/bsnl/DKYCService/saveDKYCJob HTTP/1.0" 10.192.219.165 200 - http-bio-9080-exec-60 /OB_SERVICE_MOB/bsnl/DKYCService/saveDKYCJob 344 28.630 28630 28629
10.192.219.165 - - [09/Jun/2020:11:02:00 +0530] "POST /OB_SERVICE_MOB/bsnl/DKYCService/saveDKYCJob HTTP/1.0" 10.192.219.165 200 - http-bio-9080-exec-4 /OB_SERVICE_MOB/bsnl/DKYCService/saveDKYCJob 344 20.851 20851 20851
10.192.219.165 - - [09/Jun/2020:11:02:52 +0530] "POST /OB_SERVICE_MOB/bsnl/DKYCService/saveDKYCJob HTTP/1.0" 10.192.219.165 200 - http-bio-9080-exec-12 /OB_SERVICE_MOB/bsnl/DKYCService/saveDKYCJob 344 24.554 24554 24554
10.192.219.165 - - [09/Jun/2020:11:03:01 +0530] "POST /OB_SERVICE_MOB/bsnl/DKYCService/saveDKYCJob HTTP/1.0" 10.192.219.165 200 - http-bio-9080-exec-54 /OB_SERVICE_MOB/bsnl/DKYCService/saveDKYCJob 344 10.864 10864 10864
10.192.219.164 - - [09/Jun/2020:11:03:37 +0530] "POST /OB_SERVICE_MOB/bsnl/DKYCService/saveDKYCJob HTTP/1.1" 10.192.219.164 200 - http-bio-9080-exec-61 /OB_SERVICE_MOB/bsnl/DKYCService/saveDKYCJob 344 27.851 27851 27851
10.192.219.164 - - [09/Jun/2020:11:03:47 +0530] "POST /OB_SERVICE_MOB/bsnl/DKYCService/saveDKYCJob HTTP/1.1" 10.192.219.164 200 - http-bio-9080-exec-5 /OB_SERVICE_MOB/bsnl/DKYCService/saveDKYCJob 344 32.226 32226 32225
10.192.219.165 - - [09/Jun/2020:11:04:08 +0530] "POST /OB_SERVICE_MOB/bsnl/DKYCService/saveDKYCJob HTTP/1.0" 10.192.219.165 200 - http-bio-9080-exec-59 /OB_SERVICE_MOB/bsnl/DKYCService/saveDKYCJob 344 17.702 17702 17702
10.192.219.164 - - [09/Jun/2020:11:04:51 +0530] "POST /OB_SERVICE_MOB/bsnl/DKYCService/saveDKYCJob HTTP/1.1" 10.192.219.164 200 - http-bio-9080-exec-14 /OB_SERVICE_MOB/bsnl/DKYCService/saveDKYCJob 343 19.170 19170 19170
10.192.219.164 - - [09/Jun/2020:11:05:53 +0530] "POST /OB_SERVICE_MOB/bsnl/DKYCService/saveDKYCJob HTTP/1.1" 10.192.219.164 200 - http-bio-9080-exec-5 /OB_SERVICE_MOB/bsnl/DKYCService/saveDKYCJob 338 14.056 14056 14056
10.192.219.164 - - [09/Jun/2020:11:06:03 +0530] "POST /OB_SERVICE_MOB/bsnl/DKYCService/saveDKYCJob HTTP/1.1" 10.192.219.164 200 - http-bio-9080-exec-3 /OB_SERVICE_MOB/bsnl/DKYCService/saveDKYCJob 343 15.535 15535 15535
10.192.219.164 - - [09/Jun/2020:11:06:22 +0530] "POST /OB_SERVICE_MOB/bsnl/DKYCService/saveDKYCJob HTTP/1.1" 10.192.219.164 500 - http-bio-9080-exec-54 /OB_SERVICE_MOB/bsnl/DKYCService/saveDKYCJob 8932 76.604 76604 76604
10.192.219.165 - - [09/Jun/2020:11:07:03 +0530] "POST /OB_SERVICE_MOB/bsnl/DKYCService/saveDKYCJob HTTP/1.0" 10.192.219.165 200 - http-bio-9080-exec-57 /OB_SERVICE_MOB/bsnl/DKYCService/saveDKYCJob 343 52.080 52080 52080
10.192.219.165 - - [09/Jun/2020:11:07:19 +0530] "POST /OB_SERVICE_MOB/bsnl/DKYCService/saveDKYCJob HTTP/1.0" 10.192.219.165 200 - http-bio-9080-exec-38 /OB_SERVICE_MOB/bsnl/DKYCService/saveDKYCJob 399 44.639 44639 44639
10.192.219.164 - - [09/Jun/2020:11:07:24 +0530] "POST /OB_SERVICE_MOB/bsnl/DKYCService/saveDKYCJob HTTP/1.1" 10.192.219.164 200 - http-bio-9080-exec-24 /OB_SERVICE_MOB/bsnl/DKYCService/saveDKYCJob 343 148.617 148617 148617
10.192.219.164 - - [09/Jun/2020:11:07:33 +0530] "POST /Wings/uploadImage.do HTTP/1.1" 10.192.219.164 200 - http-bio-9080-exec-64 /Wings/uploadImage.do 308 65.233 65233 65233
10.192.219.165 - - [09/Jun/2020:11:07:44 +0530] "POST /OB_SERVICE_MOB/bsnl/DKYCService/saveDKYCJob HTTP/1.0" 10.192.219.165 200 - http-bio-9080-exec-40 /OB_SERVICE_MOB/bsnl/DKYCService/saveDKYCJob 339 35.120 35120 35120
10.192.219.164 - - [09/Jun/2020:11:08:12 +0530] "POST /OB_SERVICE_MOB/bsnl/DKYCService/saveDKYCJob HTTP/1.1" 10.192.219.164 200 - http-bio-9080-exec-39 /OB_SERVICE_MOB/bsnl/DKYCService/saveDKYCJob 344 17.119 17119 17119
10.192.219.165 - - [09/Jun/2020:11:08:16 +0530] "POST /OB_SERVICE_MOB/bsnl/DKYCService/saveDKYCJob HTTP/1.0" 10.192.219.165 200 - http-bio-9080-exec-60 /OB_SERVICE_MOB/bsnl/DKYCService/saveDKYCJob 297 74.046 74046 74046
10.192.219.165 - - [09/Jun/2020:11:08:29 +0530] "POST /OB_SERVICE_MOB/bsnl/DKYCService/saveDKYCJob HTTP/1.0" 10.192.219.165 200 - http-bio-9080-exec-49 /OB_SERVICE_MOB/bsnl/DKYCService/saveDKYCJob 344 12.096 12096 12096
10.192.219.165 - - [09/Jun/2020:11:08:36 +0530] "POST /OB_SERVICE_MOB/bsnl/DKYCService/saveDKYCJob HTTP/1.0" 10.192.219.165 200 - http-bio-9080-exec-61 /OB_SERVICE_MOB/bsnl/DKYCService/saveDKYCJob 339 11.629 11629 11629
10.192.219.165 - - [09/Jun/2020:11:08:39 +0530] "POST /OB_SERVICE_MOB/bsnl/DKYCService/saveDKYCJob HTTP/1.0" 10.192.219.165 200 - http-bio-9080-exec-40 /OB_SERVICE_MOB/bsnl/DKYCService/saveDKYCJob 344 16.334 16334 16334
10.192.219.164 - - [09/Jun/2020:11:09:09 +0530] "POST /OB_SERVICE_MOB/bsnl/DKYCService/saveDKYCJob HTTP/1.1" 10.192.219.164 200 - http-bio-9080-exec-9 /OB_SERVICE_MOB/bsnl/DKYCService/saveDKYCJob 344 73.070 73070 73070
10.192.219.164 - - [09/Jun/2020:11:10:38 +0530] "POST /OB_SERVICE_MOB/bsnl/OnboardIntegrationService/getPairedSim HTTP/1.1" 10.192.219.164 200 - http-bio-9080-exec-16 /OB_SERVICE_MOB/bsnl/OnboardIntegrationService/getPairedSim 96 21.529 21529 21529
10.192.219.165 - - [09/Jun/2020:11:10:58 +0530] "POST /OB_SERVICE_MOB/bsnl/DKYCService/saveDKYCJob HTTP/1.0" 10.192.219.165 200 - http-bio-9080-exec-39 /OB_SERVICE_MOB/bsnl/DKYCService/saveDKYCJob 344 13.244 13244 13244
10.192.219.165 - - [09/Jun/2020:11:11:20 +0530] "POST /OB_SERVICE_MOB/bsnl/DKYCService/saveDKYCJob HTTP/1.0" 10.192.219.165 200 - http-bio-9080-exec-3 /OB_SERVICE_MOB/bsnl/DKYCService/saveDKYCJob 344 10.523 10523 10523
10.192.219.164 - - [09/Jun/2020:11:11:34 +0530] "POST /OB_SERVICE_MOB/bsnl/DKYCService/saveDKYCJob HTTP/1.1" 10.192.219.164 200 - http-bio-9080-exec-35 /OB_SERVICE_MOB/bsnl/DKYCService/saveDKYCJob 343 28.738 28738 28738
10.192.219.164 - - [09/Jun/2020:11:11:44 +0530] "POST /OB_SERVICE_MOB/bsnl/DKYCService/saveDKYCJob HTTP/1.1" 10.192.219.164 200 - http-bio-9080-exec-19 /OB_SERVICE_MOB/bsnl/DKYCService/saveDKYCJob 344 165.210 165210 165210
10.192.219.165 - - [09/Jun/2020:11:11:49 +0530] "POST /OB_SERVICE_MOB/bsnl/DKYCService/saveDKYCJob HTTP/1.0" 10.192.219.165 400 - http-bio-9080-exec-65 /OB_SERVICE_MOB/bsnl/DKYCService/saveDKYCJob 958 30.147 30147 30147
10.192.219.165 - - [09/Jun/2020:11:11:51 +0530] "POST /OB_SERVICE_MOB/bsnl/DKYCService/saveDKYCJob HTTP/1.0" 10.192.219.165 200 - http-bio-9080-exec-41 /OB_SERVICE_MOB/bsnl/DKYCService/saveDKYCJob 343 28.418 28418 28418
10.192.219.165 - - [09/Jun/2020:11:12:04 +0530] "POST /OB_SERVICE_MOB/bsnl/DKYCService/saveDKYCJob HTTP/1.0" 10.192.219.165 200 - http-bio-9080-exec-35 /OB_SERVICE_MOB/bsnl/DKYCService/saveDKYCJob 343 11.031 11031 11031
10.192.219.165 - - [09/Jun/2020:11:12:06 +0530] "POST /OB_SERVICE_MOB/bsnl/OnboardIntegrationService/getPairedSim HTTP/1.0" 10.192.219.165 200 - http-bio-9080-exec-63 /OB_SERVICE_MOB/bsnl/OnboardIntegrationService/getPairedSim 60 21.764 21764 21764
10.192.219.165 - - [09/Jun/2020:11:12:19 +0530] "POST /OB_SERVICE_MOB/bsnl/DKYCService/saveDKYCJob HTTP/1.0" 10.192.219.165 200 - http-bio-9080-exec-40 /OB_SERVICE_MOB/bsnl/DKYCService/saveDKYCJob 344 21.948 21948 21948
10.192.219.165 - - [09/Jun/2020:11:12:32 +0530] "POST /OB_SERVICE_MOB/bsnl/DKYCService/saveDKYCJob HTTP/1.0" 10.192.219.165 200 - http-bio-9080-exec-5 /OB_SERVICE_MOB/bsnl/DKYCService/saveDKYCJob 343 19.304 19304 19304
10.192.219.164 - - [09/Jun/2020:11:13:04 +0530] "POST /OB_SERVICE_MOB/bsnl/DKYCService/saveDKYCJob HTTP/1.1" 10.192.219.164 200 - http-bio-9080-exec-1 /OB_SERVICE_MOB/bsnl/DKYCService/saveDKYCJob 344 12.200 12200 12200
10.192.219.164 - - [09/Jun/2020:11:13:22 +0530] "POST /OB_SERVICE_MOB/bsnl/DKYCService/saveDKYCJob HTTP/1.1" 10.192.219.164 200 - http-bio-9080-exec-2 /OB_SERVICE_MOB/bsnl/DKYCService/saveDKYCJob 344 37.699 37699 37698
10.192.219.164 - - [09/Jun/2020:11:13:26 +0530] "POST /OB_SERVICE_MOB/bsnl/DKYCService/saveDKYCJob HTTP/1.1" 10.192.219.164 200 - http-bio-9080-exec-21 /OB_SERVICE_MOB/bsnl/DKYCService/saveDKYCJob 344 31.865 31865 31865
10.192.219.164 - - [09/Jun/2020:11:15:12 +0530] "POST /OB_SERVICE_MOB/bsnl/DKYCService/sendOTPSIMUpgrade HTTP/1.1" 10.192.219.164 200 - http-bio-9080-exec-12 /OB_SERVICE_MOB/bsnl/DKYCService/sendOTPSIMUpgrade 115 20.887 20887 20887
10.192.219.165 - - [09/Jun/2020:11:15:12 +0530] "POST /OB_SERVICE_MOB/bsnl/DKYCService/saveDKYCJob HTTP/1.0" 10.192.219.165 200 - http-bio-9080-exec-1 /OB_SERVICE_MOB/bsnl/DKYCService/saveDKYCJob 341 36.329 36329 36329
10.192.219.165 - - [09/Jun/2020:11:15:27 +0530] "POST /OB_SERVICE_MOB/bsnl/OnboardIntegrationService/getPairedSim HTTP/1.0" 10.192.219.165 200 - http-bio-9080-exec-38 /OB_SERVICE_MOB/bsnl/OnboardIntegrationService/getPairedSim 60 12.388 12388 12388
10.192.219.164 - - [09/Jun/2020:11:15:46 +0530] "POST /OB_SERVICE_MOB/bsnl/DKYCService/sendOTPSIMUpgrade HTTP/1.1" 10.192.219.164 200 - http-bio-9080-exec-41 /OB_SERVICE_MOB/bsnl/DKYCService/sendOTPSIMUpgrade 115 18.367 18367 18367
10.192.219.164 - - [09/Jun/2020:11:16:04 +0530] "POST /OB_SERVICE_MOB/bsnl/DKYCService/saveDKYCJob HTTP/1.1" 10.192.219.164 200 - http-bio-9080-exec-22 /OB_SERVICE_MOB/bsnl/DKYCService/saveDKYCJob 343 16.618 16618 16618
10.192.219.164 - - [09/Jun/2020:11:16:24 +0530] "POST /OB_SERVICE_MOB/bsnl/DKYCService/saveDKYCJob HTTP/1.1" 10.192.219.164 200 - http-bio-9080-exec-9 /OB_SERVICE_MOB/bsnl/DKYCService/saveDKYCJob 344 12.679 12679 12679
10.192.219.164 - - [09/Jun/2020:11:16:29 +0530] "POST /OB_SERVICE_MOB/bsnl/DKYCService/saveDKYCJob HTTP/1.1" 10.192.219.164 200 - http-bio-9080-exec-61 /OB_SERVICE_MOB/bsnl/DKYCService/saveDKYCJob 344 62.399 62399 62399
10.192.219.164 - - [09/Jun/2020:11:17:13 +0530] "POST /OB_SERVICE_MOB/bsnl/DKYCService/saveDKYCJob HTTP/1.1" 10.192.219.164 200 - http-bio-9080-exec-60 /OB_SERVICE_MOB/bsnl/DKYCService/saveDKYCJob 344 10.642 10642 10642
10.192.219.165 - - [09/Jun/2020:11:17:25 +0530] "POST /OB_SERVICE_MOB/bsnl/DKYCService/saveDKYCJob HTTP/1.0" 10.192.219.165 200 - http-bio-9080-exec-24 /OB_SERVICE_MOB/bsnl/DKYCService/saveDKYCJob 344 11.168 11168 11168
10.192.219.165 - - [09/Jun/2020:11:17:43 +0530] "POST /OB_SERVICE_MOB/bsnl/DKYCService/saveDKYCJob HTTP/1.0" 10.192.219.165 200 - http-bio-9080-exec-37 /OB_SERVICE_MOB/bsnl/DKYCService/saveDKYCJob 344 12.976 12976 12976
10.192.219.165 - - [09/Jun/2020:11:18:24 +0530] "POST /OB_SERVICE_MOB/bsnl/DKYCService/saveDKYCJob HTTP/1.0" 10.192.219.165 200 - http-bio-9080-exec-65 /OB_SERVICE_MOB/bsnl/DKYCService/saveDKYCJob 344 126.284 126284 126284
10.192.219.165 - - [09/Jun/2020:11:18:32 +0530] "POST /OB_SERVICE_MOB/bsnl/DKYCService/saveDKYCJob HTTP/1.0" 10.192.219.165 200 - http-bio-9080-exec-32 /OB_SERVICE_MOB/bsnl/DKYCService/saveDKYCJob 343 20.701 20701 20701
10.192.219.164 - - [09/Jun/2020:11:18:43 +0530] "POST /OB_SERVICE_MOB/bsnl/DKYCService/saveDKYCJob HTTP/1.1" 10.192.219.164 200 - http-bio-9080-exec-44 /OB_SERVICE_MOB/bsnl/DKYCService/saveDKYCJob 342 68.738 68738 68738
10.192.219.165 - - [09/Jun/2020:11:18:47 +0530] "POST /OB_SERVICE_MOB/bsnl/OnboardIntegrationService/getPairedSim HTTP/1.0" 10.192.219.165 200 - http-bio-9080-exec-51 /OB_SERVICE_MOB/bsnl/OnboardIntegrationService/getPairedSim 60 21.650 21650 21650
10.192.219.164 - - [09/Jun/2020:11:18:55 +0530] "POST /OB_SERVICE_MOB/bsnl/DKYCService/saveDKYCJob HTTP/1.1" 10.192.219.164 200 - http-bio-9080-exec-28 /OB_SERVICE_MOB/bsnl/DKYCService/saveDKYCJob 344 13.310 13310 13310
10.192.219.164 - - [09/Jun/2020:11:18:59 +0530] "POST /OB_SERVICE_MOB/bsnl/DKYCService/saveDKYCJob HTTP/1.1" 10.192.219.164 200 - http-bio-9080-exec-55 /OB_SERVICE_MOB/bsnl/DKYCService/saveDKYCJob 344 13.192 13192 13192
10.192.219.164 - - [09/Jun/2020:11:19:30 +0530] "POST /OB_SERVICE_MOB/bsnl/DKYCService/saveDKYCJob HTTP/1.1" 10.192.219.164 400 - http-bio-9080-exec-40 /OB_SERVICE_MOB/bsnl/DKYCService/saveDKYCJob 958 16.861 16861 16861
10.192.219.164 - - [09/Jun/2020:11:19:34 +0530] "POST /OB_SERVICE_MOB/bsnl/DKYCService/saveDKYCJob HTTP/1.1" 10.192.219.164 200 - http-bio-9080-exec-29 /OB_SERVICE_MOB/bsnl/DKYCService/saveDKYCJob 342 29.328 29328 29328
10.192.219.165 - - [09/Jun/2020:11:19:52 +0530] "POST /OB_SERVICE_MOB/bsnl/DKYCService/saveDKYCJob HTTP/1.0" 10.192.219.165 200 - http-bio-9080-exec-44 /OB_SERVICE_MOB/bsnl/DKYCService/saveDKYCJob 344 15.081 15081 15081
10.192.219.165 - - [09/Jun/2020:11:20:10 +0530] "POST /OB_SERVICE_MOB/bsnl/DKYCService/saveDKYCJob HTTP/1.0" 10.192.219.165 400 - http-bio-9080-exec-6 /OB_SERVICE_MOB/bsnl/DKYCService/saveDKYCJob 958 32.912 32912 32912
10.192.219.164 - - [09/Jun/2020:11:20:19 +0530] "POST /OB_SERVICE_MOB/bsnl/DKYCService/saveDKYCJob HTTP/1.1" 10.192.219.164 200 - http-bio-9080-exec-7 /OB_SERVICE_MOB/bsnl/DKYCService/saveDKYCJob 343 126.516 126516 126516
10.192.219.165 - - [09/Jun/2020:11:21:03 +0530] "POST /OB_SERVICE_MOB/bsnl/DKYCService/saveDKYCJob HTTP/1.0" 10.192.219.165 400 - http-bio-9080-exec-45 /OB_SERVICE_MOB/bsnl/DKYCService/saveDKYCJob 958 18.081 18081 18081
10.192.219.164 - - [09/Jun/2020:11:21:07 +0530] "POST /OB_SERVICE_MOB/bsnl/OnboardIntegrationService/getPairedSim HTTP/1.1" 10.192.219.164 200 - http-bio-9080-exec-61 /OB_SERVICE_MOB/bsnl/OnboardIntegrationService/getPairedSim 60 11.731 11731 11731
10.192.219.164 - - [09/Jun/2020:11:21:34 +0530] "POST /OB_SERVICE_MOB/bsnl/DKYCService/saveDKYCJob HTTP/1.1" 10.192.219.164 200 - http-bio-9080-exec-39 /OB_SERVICE_MOB/bsnl/DKYCService/saveDKYCJob 344 42.327 42327 42327
10.192.219.165 - - [09/Jun/2020:11:21:51 +0530] "POST /OB_SERVICE_MOB/bsnl/OnboardIntegrationService/auditJobTransaction HTTP/1.0" 10.192.219.165 200 - http-bio-9080-exec-42 /OB_SERVICE_MOB/bsnl/OnboardIntegrationService/auditJobTransaction 51 10.456 10456 10456
10.192.219.28 - - [09/Jun/2020:11:21:51 +0530] "POST /OB_SERVICE_MOB/bsnl/OnboardIntegrationService/getCountries HTTP/1.1" 10.192.219.28 200 - http-bio-9080-exec-6 /OB_SERVICE_MOB/bsnl/OnboardIntegrationService/getCountries 19314 10.639 10639 10639
10.192.219.164 - - [09/Jun/2020:11:21:51 +0530] "POST /BSNLThinApp/countriesList.do HTTP/1.1" 10.192.219.164 200 BC0E5DE451BE2736A567C01AE0301B73.nod1worker1 http-bio-9080-exec-65 /BSNLThinApp/countriesList.do 19423 10.654 10654 10654
10.192.219.165 - - [09/Jun/2020:11:21:51 +0530] "POST /OB_SERVICE_MOB/bsnl/DKYCService/validateOTP HTTP/1.0" 10.192.219.165 200 - http-bio-9080-exec-62 /OB_SERVICE_MOB/bsnl/DKYCService/validateOTP 53 10.939 10939 10939
10.192.219.165 - - [09/Jun/2020:11:21:51 +0530] "POST /OB_SERVICE_MOB/bsnl/DKYCService/sendOTP HTTP/1.0" 10.192.219.165 200 - http-bio-9080-exec-61 /OB_SERVICE_MOB/bsnl/DKYCService/sendOTP 234 11.546 11546 11546
10.192.219.28 - - [09/Jun/2020:11:21:51 +0530] "POST /OB_SERVICE_MOB/bsnl/DKYCService/saveDKYCCAFApprvlJob HTTP/1.1" 10.192.219.28 200 - http-bio-9080-exec-50 /OB_SERVICE_MOB/bsnl/DKYCService/saveDKYCCAFApprvlJob 319 10.898 10898 10898
10.192.219.164 - - [09/Jun/2020:11:21:51 +0530] "POST /BSNLThinApp/saveDKYCCAFApprvlJob.do HTTP/1.1" 10.192.219.164 200 00485535588D4EC908F2041B6D11903D.nod1worker1 http-bio-9080-exec-10 /BSNLThinApp/saveDKYCCAFApprvlJob.do 512 10.939 10939 10939
10.192.219.164 - - [09/Jun/2020:11:21:51 +0530] "POST /OB_SERVICE_MOB/bsnl/DKYCService/saveDKYCJob HTTP/1.1" 10.192.219.164 200 - http-bio-9080-exec-45 /OB_SERVICE_MOB/bsnl/DKYCService/saveDKYCJob 344 14.230 14230 14230
10.192.219.165 - - [09/Jun/2020:11:22:12 +0530] "POST /OB_SERVICE_MOB/bsnl/DKYCService/saveDKYCJob HTTP/1.0" 10.192.219.165 400 - http-bio-9080-exec-53 /OB_SERVICE_MOB/bsnl/DKYCService/saveDKYCJob 958 55.205 55205 55205
10.192.219.165 - - [09/Jun/2020:11:22:49 +0530] "POST /OB_SERVICE_MOB/bsnl/DKYCService/saveDKYCJob HTTP/1.0" 10.192.219.165 200 - http-bio-9080-exec-58 /OB_SERVICE_MOB/bsnl/DKYCService/saveDKYCJob 345 32.546 32546 32546
10.192.219.164 - - [09/Jun/2020:11:22:52 +0530] "POST /OB_SERVICE_MOB/bsnl/DKYCService/saveDKYCJob HTTP/1.1" 10.192.219.164 200 - http-bio-9080-exec-15 /OB_SERVICE_MOB/bsnl/DKYCService/saveDKYCJob 343 15.202 15202 15202
10.192.219.165 - - [09/Jun/2020:11:23:15 +0530] "POST /OB_SERVICE_MOB/bsnl/DKYCService/saveDKYCJob HTTP/1.0" 10.192.219.165 200 - http-bio-9080-exec-51 /OB_SERVICE_MOB/bsnl/DKYCService/saveDKYCJob 343 95.073 95073 95073
10.192.219.164 - - [09/Jun/2020:11:23:16 +0530] "POST /OB_SERVICE_MOB/bsnl/DKYCService/saveDKYCJob HTTP/1.1" 10.192.219.164 200 - http-bio-9080-exec-15 /OB_SERVICE_MOB/bsnl/DKYCService/saveDKYCJob 340 13.003 13003 13003
10.192.219.165 - - [09/Jun/2020:11:23:36 +0530] "POST /OB_SERVICE_MOB/bsnl/DKYCService/saveDKYCJob HTTP/1.0" 10.192.219.165 200 - http-bio-9080-exec-45 /OB_SERVICE_MOB/bsnl/DKYCService/saveDKYCJob 344 17.264 17264 17263
10.192.219.164 - - [09/Jun/2020:11:23:43 +0530] "POST /OB_SERVICE_MOB/bsnl/DKYCService/saveDKYCJob HTTP/1.1" 10.192.219.164 200 - http-bio-9080-exec-56 /OB_SERVICE_MOB/bsnl/DKYCService/saveDKYCJob 344 41.521 41521 41521
10.192.219.164 - - [09/Jun/2020:11:24:01 +0530] "POST /OB_SERVICE_MOB/bsnl/DKYCService/saveDKYCJob HTTP/1.1" 10.192.219.164 200 - http-bio-9080-exec-29 /OB_SERVICE_MOB/bsnl/DKYCService/saveDKYCJob 344 78.132 78132 78132
10.192.219.165 - - [09/Jun/2020:11:24:05 +0530] "POST /OB_SERVICE_MOB/bsnl/DKYCService/saveDKYCJob HTTP/1.0" 10.192.219.165 200 - http-bio-9080-exec-24 /OB_SERVICE_MOB/bsnl/DKYCService/saveDKYCJob 344 46.062 46062 46061
10.192.219.164 - - [09/Jun/2020:11:24:10 +0530] "POST /OB_SERVICE_MOB/bsnl/DKYCService/saveDKYCJob HTTP/1.1" 10.192.219.164 200 - http-bio-9080-exec-38 /OB_SERVICE_MOB/bsnl/DKYCService/saveDKYCJob 342 197.177 197177 197177
10.192.219.165 - - [09/Jun/2020:11:24:54 +0530] "POST /OB_SERVICE_MOB/bsnl/DKYCService/saveDKYCJob HTTP/1.0" 10.192.219.165 200 - http-bio-9080-exec-23 /OB_SERVICE_MOB/bsnl/DKYCService/saveDKYCJob 344 47.852 47852 47851
10.192.219.164 - - [09/Jun/2020:11:24:55 +0530] "POST /OB_SERVICE_MOB/bsnl/DKYCService/saveDKYCJob HTTP/1.1" 10.192.219.164 200 - http-bio-9080-exec-45 /OB_SERVICE_MOB/bsnl/DKYCService/saveDKYCJob 344 32.249 32249 32249
10.192.219.165 - - [09/Jun/2020:11:24:58 +0530] "POST /OB_SERVICE_MOB/bsnl/DKYCService/saveDKYCJob HTTP/1.0" 10.192.219.165 200 - http-bio-9080-exec-3 /OB_SERVICE_MOB/bsnl/DKYCService/saveDKYCJob 344 13.319 13319 13319
10.192.219.165 - - [09/Jun/2020:11:25:08 +0530] "POST /OB_SERVICE_MOB/bsnl/DKYCService/saveDKYCJob HTTP/1.0" 10.192.219.165 200 - http-bio-9080-exec-43 /OB_SERVICE_MOB/bsnl/DKYCService/saveDKYCJob 343 13.216 13216 13216
10.192.219.165 - - [09/Jun/2020:11:25:19 +0530] "POST /OB_SERVICE_MOB/bsnl/DKYCService/saveDKYCJob HTTP/1.0" 10.192.219.165 200 - http-bio-9080-exec-29 /OB_SERVICE_MOB/bsnl/DKYCService/saveDKYCJob 340 21.655 21655 21655
10.192.219.164 - - [09/Jun/2020:11:25:19 +0530] "POST /OB_SERVICE_MOB/bsnl/OnboardIntegrationService/getPairedSim HTTP/1.1" 10.192.219.164 200 - http-bio-9080-exec-61 /OB_SERVICE_MOB/bsnl/OnboardIntegrationService/getPairedSim 100 20.893 20893 20893
10.192.219.164 - - [09/Jun/2020:11:25:37 +0530] "POST /OB_SERVICE_MOB/bsnl/DKYCService/saveDKYCJob HTTP/1.1" 10.192.219.164 200 - http-bio-9080-exec-32 /OB_SERVICE_MOB/bsnl/DKYCService/saveDKYCJob 339 20.841 20841 20841
10.192.219.165 - - [09/Jun/2020:11:25:46 +0530] "POST /OB_SERVICE_MOB/bsnl/DKYCService/saveDKYCJob HTTP/1.0" 10.192.219.165 500 - http-bio-9080-exec-18 /OB_SERVICE_MOB/bsnl/DKYCService/saveDKYCJob 8912 93.469 93469 93469
10.192.219.165 - - [09/Jun/2020:11:26:18 +0530] "POST /OB_SERVICE_MOB/bsnl/DKYCService/saveDKYCJob HTTP/1.0" 10.192.219.165 200 - http-bio-9080-exec-10 /OB_SERVICE_MOB/bsnl/DKYCService/saveDKYCJob 334 11.954 11954 11954
10.192.219.164 - - [09/Jun/2020:11:26:50 +0530] "POST /OB_SERVICE_MOB/bsnl/DKYCService/saveDKYCJob HTTP/1.1" 10.192.219.164 200 - http-bio-9080-exec-63 /OB_SERVICE_MOB/bsnl/DKYCService/saveDKYCJob 339 11.997 11997 11997
10.192.219.165 - - [09/Jun/2020:11:26:51 +0530] "POST /OB_SERVICE_MOB/bsnl/OnboardIntegrationService/getPairedSim HTTP/1.0" 10.192.219.165 200 - http-bio-9080-exec-17 /OB_SERVICE_MOB/bsnl/OnboardIntegrationService/getPairedSim 60 25.906 25906 25906
10.192.219.165 - - [09/Jun/2020:11:27:10 +0530] "POST /OB_SERVICE_MOB/bsnl/DKYCService/saveDKYCJob HTTP/1.0" 10.192.219.165 200 - http-bio-9080-exec-42 /OB_SERVICE_MOB/bsnl/DKYCService/saveDKYCJob 344 22.170 22170 22170
10.192.219.165 - - [09/Jun/2020:11:27:35 +0530] "POST /OB_SERVICE_MOB/bsnl/DKYCService/saveDKYCJob HTTP/1.0" 10.192.219.165 500 - http-bio-9080-exec-34 /OB_SERVICE_MOB/bsnl/DKYCService/saveDKYCJob 8912 45.213 45213 45213
10.192.219.164 - - [09/Jun/2020:11:29:43 +0530] "POST /OB_SERVICE_MOB/bsnl/OnboardIntegrationService/getPairedSim HTTP/1.1" 10.192.219.164 200 - http-bio-9080-exec-42 /OB_SERVICE_MOB/bsnl/OnboardIntegrationService/getPairedSim 60 25.264 25264 25264
10.192.219.165 - - [09/Jun/2020:11:29:43 +0530] "POST /OB_SERVICE_MOB/bsnl/DKYCService/saveDKYCJob HTTP/1.0" 10.192.219.165 200 - http-bio-9080-exec-7 /OB_SERVICE_MOB/bsnl/DKYCService/saveDKYCJob 340 11.322 11322 11322
10.192.219.164 - - [09/Jun/2020:11:30:49 +0530] "POST /OB_SERVICE_MOB/bsnl/DKYCService/saveDKYCJob HTTP/1.1" 10.192.219.164 200 - http-bio-9080-exec-55 /OB_SERVICE_MOB/bsnl/DKYCService/saveDKYCJob 343 24.839 24839 24839
10.192.219.164 - - [09/Jun/2020:11:31:10 +0530] "POST /OB_SERVICE_MOB/bsnl/OnboardIntegrationService/getPairedSim HTTP/1.1" 10.192.219.164 200 - http-bio-9080-exec-64 /OB_SERVICE_MOB/bsnl/OnboardIntegrationService/getPairedSim 60 19.526 19526 19526
10.192.219.164 - - [09/Jun/2020:11:31:14 +0530] "POST /OB_SERVICE_MOB/bsnl/DKYCService/saveDKYCJob HTTP/1.1" 10.192.219.164 200 - http-bio-9080-exec-31 /OB_SERVICE_MOB/bsnl/DKYCService/saveDKYCJob 344 15.170 15170 15170
10.192.219.164 - - [09/Jun/2020:11:31:18 +0530] "POST /OB_SERVICE_MOB/bsnl/DKYCService/saveDKYCJob HTTP/1.1" 10.192.219.164 200 - http-bio-9080-exec-19 /OB_SERVICE_MOB/bsnl/DKYCService/saveDKYCJob 344 13.494 13494 13494
10.192.219.165 - - [09/Jun/2020:11:31:33 +0530] "POST /OB_SERVICE_MOB/bsnl/DKYCService/saveDKYCJob HTTP/1.0" 10.192.219.165 200 - http-bio-9080-exec-34 /OB_SERVICE_MOB/bsnl/DKYCService/saveDKYCJob 297 22.948 22948 22948
10.192.219.165 - - [09/Jun/2020:11:31:39 +0530] "POST /OB_SERVICE_MOB/bsnl/DKYCService/saveDKYCJob HTTP/1.0" 10.192.219.165 200 - http-bio-9080-exec-7 /OB_SERVICE_MOB/bsnl/DKYCService/saveDKYCJob 344 24.029 24029 24029
10.192.219.164 - - [09/Jun/2020:11:32:14 +0530] "POST /OB_SERVICE_MOB/bsnl/DKYCService/saveDKYCJob HTTP/1.1" 10.192.219.164 200 - http-bio-9080-exec-60 /OB_SERVICE_MOB/bsnl/DKYCService/saveDKYCJob 337 30.882 30882 30882
10.192.219.164 - - [09/Jun/2020:11:32:40 +0530] "POST /OB_SERVICE_MOB/bsnl/DKYCService/saveDKYCJob HTTP/1.1" 10.192.219.164 200 - http-bio-9080-exec-4 /OB_SERVICE_MOB/bsnl/DKYCService/saveDKYCJob 343 11.640 11640 11640
10.192.219.164 - - [09/Jun/2020:11:33:21 +0530] "POST /OB_SERVICE_MOB/bsnl/DKYCService/saveDKYCJob HTTP/1.1" 10.192.219.164 200 - http-bio-9080-exec-2 /OB_SERVICE_MOB/bsnl/DKYCService/saveDKYCJob 344 19.814 19814 19814
10.192.219.165 - - [09/Jun/2020:11:33:53 +0530] "POST /OB_SERVICE_MOB/bsnl/DKYCService/saveDKYCJob HTTP/1.0" 10.192.219.165 200 - http-bio-9080-exec-60 /OB_SERVICE_MOB/bsnl/DKYCService/saveDKYCJob 342 62.563 62563 62563
10.192.219.165 - - [09/Jun/2020:11:34:01 +0530] "POST /OB_SERVICE_MOB/bsnl/DKYCService/saveDKYCJob HTTP/1.0" 10.192.219.165 200 - http-bio-9080-exec-29 /OB_SERVICE_MOB/bsnl/DKYCService/saveDKYCJob 344 22.553 22553 22553
10.192.219.165 - - [09/Jun/2020:11:34:31 +0530] "POST /OB_SERVICE_MOB/bsnl/DKYCService/saveDKYCJob HTTP/1.0" 10.192.219.165 200 - http-bio-9080-exec-59 /OB_SERVICE_MOB/bsnl/DKYCService/saveDKYCJob 344 47.913 47913 47913
10.192.219.164 - - [09/Jun/2020:11:34:32 +0530] "POST /OB_SERVICE_MOB/bsnl/DKYCService/saveDKYCJob HTTP/1.1" 10.192.219.164 200 - http-bio-9080-exec-6 /OB_SERVICE_MOB/bsnl/DKYCService/saveDKYCJob 344 26.637 26637 26637
10.192.219.164 - - [09/Jun/2020:11:34:32 +0530] "POST /OB_SERVICE_MOB/bsnl/DKYCService/saveDKYCJob HTTP/1.1" 10.192.219.164 200 - http-bio-9080-exec-57 /OB_SERVICE_MOB/bsnl/DKYCService/saveDKYCJob 344 11.941 11941 11941
10.192.219.165 - - [09/Jun/2020:11:34:42 +0530] "POST /OB_SERVICE_MOB/bsnl/DKYCService/saveDKYCJob HTTP/1.0" 10.192.219.165 200 - http-bio-9080-exec-19 /OB_SERVICE_MOB/bsnl/DKYCService/saveDKYCJob 343 14.383 14383 14383
10.192.219.164 - - [09/Jun/2020:11:34:48 +0530] "POST /OB_SERVICE_MOB/bsnl/DKYCService/saveDKYCJob HTTP/1.1" 10.192.219.164 200 - http-bio-9080-exec-23 /OB_SERVICE_MOB/bsnl/DKYCService/saveDKYCJob 344 51.431 51431 51431
10.192.219.165 - - [09/Jun/2020:11:35:23 +0530] "POST /OB_SERVICE_MOB/bsnl/DKYCService/saveDKYCJob HTTP/1.0" 10.192.219.165 200 - http-bio-9080-exec-47 /OB_SERVICE_MOB/bsnl/DKYCService/saveDKYCJob 342 16.533 16533 16533
10.192.219.164 - - [09/Jun/2020:11:35:38 +0530] "POST /OB_SERVICE_MOB/bsnl/DKYCService/saveDKYCJob HTTP/1.1" 10.192.219.164 200 - http-bio-9080-exec-54 /OB_SERVICE_MOB/bsnl/DKYCService/saveDKYCJob 343 60.957 60957 60957
10.192.219.164 - - [09/Jun/2020:11:35:40 +0530] "POST /OB_SERVICE_MOB/bsnl/DKYCService/saveDKYCJob HTTP/1.1" 10.192.219.164 200 - http-bio-9080-exec-65 /OB_SERVICE_MOB/bsnl/DKYCService/saveDKYCJob 339 36.817 36817 36817
10.192.219.165 - - [09/Jun/2020:11:36:07 +0530] "POST /OB_SERVICE_MOB/bsnl/OnboardIntegrationService/getPairedSim HTTP/1.0" 10.192.219.165 200 - http-bio-9080-exec-20 /OB_SERVICE_MOB/bsnl/OnboardIntegrationService/getPairedSim 60 27.677 27677 27677
10.192.219.164 - - [09/Jun/2020:11:36:31 +0530] "POST /OB_SERVICE_MOB/bsnl/DKYCService/saveDKYCJob HTTP/1.1" 10.192.219.164 200 - http-bio-9080-exec-33 /OB_SERVICE_MOB/bsnl/DKYCService/saveDKYCJob 344 16.194 16194 16193
10.192.219.164 - - [09/Jun/2020:11:36:58 +0530] "POST /OB_SERVICE_MOB/bsnl/DKYCService/saveDKYCJob HTTP/1.1" 10.192.219.164 200 - http-bio-9080-exec-30 /OB_SERVICE_MOB/bsnl/DKYCService/saveDKYCJob 339 12.593 12593 12593
10.192.219.165 - - [09/Jun/2020:11:37:15 +0530] "POST /OB_SERVICE_MOB/bsnl/DKYCService/sendOTPSIMUpgrade HTTP/1.0" 10.192.219.165 200 - http-bio-9080-exec-8 /OB_SERVICE_MOB/bsnl/DKYCService/sendOTPSIMUpgrade 115 17.544 17544 17544
10.192.219.164 - - [09/Jun/2020:11:37:16 +0530] "POST /OB_SERVICE_MOB/bsnl/DKYCService/saveKYCJob HTTP/1.1" 10.192.219.164 200 - http-bio-9080-exec-23 /OB_SERVICE_MOB/bsnl/DKYCService/saveKYCJob 344 37.151 37151 37151
10.192.219.165 - - [09/Jun/2020:11:37:29 +0530] "POST /OB_SERVICE_MOB/bsnl/DKYCService/saveDKYCJob HTTP/1.0" 10.192.219.165 200 - http-bio-9080-exec-57 /OB_SERVICE_MOB/bsnl/DKYCService/saveDKYCJob 344 21.014 21014 21014
10.192.219.165 - - [09/Jun/2020:11:38:20 +0530] "POST /OB_SERVICE_MOB/bsnl/DKYCService/saveDKYCJob HTTP/1.0" 10.192.219.165 200 - http-bio-9080-exec-60 /OB_SERVICE_MOB/bsnl/DKYCService/saveDKYCJob 344 34.827 34827 34827
10.192.219.164 - - [09/Jun/2020:11:38:39 +0530] "POST /OB_SERVICE_MOB/bsnl/DKYCService/saveDKYCJob HTTP/1.1" 10.192.219.164 200 - http-bio-9080-exec-33 /OB_SERVICE_MOB/bsnl/DKYCService/saveDKYCJob 342 18.602 18602 18602
10.192.219.164 - - [09/Jun/2020:11:38:43 +0530] "POST /OB_SERVICE_MOB/bsnl/DKYCService/saveDKYCJob HTTP/1.1" 10.192.219.164 200 - http-bio-9080-exec-47 /OB_SERVICE_MOB/bsnl/DKYCService/saveDKYCJob 343 91.663 91663 91663
10.192.219.164 - - [09/Jun/2020:11:38:50 +0530] "POST /OB_SERVICE_MOB/bsnl/DKYCService/saveDKYCJob HTTP/1.1" 10.192.219.164 200 - http-bio-9080-exec-55 /OB_SERVICE_MOB/bsnl/DKYCService/saveDKYCJob 344 24.389 24389 24389
10.192.219.164 - - [09/Jun/2020:11:40:27 +0530] "POST /OB_SERVICE_MOB/bsnl/DKYCService/saveDKYCJob HTTP/1.1" 10.192.219.164 200 - http-bio-9080-exec-22 /OB_SERVICE_MOB/bsnl/DKYCService/saveDKYCJob 341 18.354 18354 18354
