10.192.219.165 - - [09/Jun/2020:00:08:52 +0530] "POST /OB_SERVICE_MOB/bsnl/DKYCService/sendOTPSIMUpgrade HTTP/1.0" 10.192.219.165 200 - http-bio-9080-exec-6 /OB_SERVICE_MOB/bsnl/DKYCService/sendOTPSIMUpgrade 115 26.575 26575 26575


10.192.219.28 - - [09/Jun/2020:00:16:30 +0530] "POST /OB_SERVICE_LL/bsnl/Exchange/getAvailableLLNumbers HTTP/1.1" 10.192.219.28 200 - http-bio-9080-exec-1 /OB_SERVICE_LL/bsnl/Exchange/getAvailableLLNumbers 1125 18.140 18140 18140


10.192.219.164 - - [09/Jun/2020:00:16:30 +0530] "POST /Wings/loadWingsLLNos.do HTTP/1.1" 10.192.219.164 200 A2EF827C98560BB069DE72A08C7393B9.nod1worker1 http-bio-9080-exec-12 /Wings/loadWingsLLNos.do 1435 18.152 18152 18152


10.192.219.28 - - [09/Jun/2020:00:32:29 +0530] "POST /OB_SERVICE_LL/bsnl/Exchange/getAvailableLLNumbers HTTP/1.1" 10.192.219.28 200 - http-bio-9080-exec-25 /OB_SERVICE_LL/bsnl/Exchange/getAvailableLLNumbers 1125 39.022 39022 39022


10.192.219.164 - - [09/Jun/2020:00:32:29 +0530] "POST /Wings/loadWingsLLNos.do HTTP/1.1" 10.192.219.164 200 C34D41E1E3CDE16C443051899546E257.nod1worker1 http-bio-9080-exec-6 /Wings/loadWingsLLNos.do 1435 39.035 39035 39035


10.192.219.28 - - [09/Jun/2020:01:16:37 +0530] "POST /OB_SERVICE_LL/bsnl/Exchange/getAvailableLLNumbers HTTP/1.1" 10.192.219.28 200 - http-bio-9080-exec-4 /OB_SERVICE_LL/bsnl/Exchange/getAvailableLLNumbers 1125 22.006 22006 22006


10.192.219.164 - - [09/Jun/2020:01:16:37 +0530] "POST /Wings/loadWingsLLNos.do HTTP/1.1" 10.192.219.164 200 B86995E93AD0D5817C1AE3FF60F8B1F1.nod1worker1 http-bio-9080-exec-25 /Wings/loadWingsLLNos.do 1435 22.019 22019 22019


10.192.219.28 - - [09/Jun/2020:01:35:37 +0530] "POST /OB_SERVICE_LL/bsnl/Exchange/getAvailableLLNumbers HTTP/1.1" 10.192.219.28 200 - http-bio-9080-exec-15 /OB_SERVICE_LL/bsnl/Exchange/getAvailableLLNumbers 1125 21.564 21564 21564


10.192.219.164 - - [09/Jun/2020:01:35:37 +0530] "POST /Wings/loadWingsLLNos.do HTTP/1.1" 10.192.219.164 200 F262B7137B9D16E227C6BA7D5871BCBE.nod1worker1 http-bio-9080-exec-8 /Wings/loadWingsLLNos.do 1435 21.577 21577 21577


10.192.219.28 - - [09/Jun/2020:01:38:50 +0530] "POST /OB_SERVICE_LL/bsnl/Exchange/getAvailableLLNumbers HTTP/1.1" 10.192.219.28 200 - http-bio-9080-exec-14 /OB_SERVICE_LL/bsnl/Exchange/getAvailableLLNumbers 4821 18.470 18470 18470


10.192.219.164 - - [09/Jun/2020:01:38:50 +0530] "POST /Wings/loadWingsLLNos.do HTTP/1.1" 10.192.219.164 200 F262B7137B9D16E227C6BA7D5871BCBE.nod1worker1 http-bio-9080-exec-22 /Wings/loadWingsLLNos.do 5131 18.482 18482 18482


10.192.219.28 - - [09/Jun/2020:01:48:12 +0530] "POST /OB_SERVICE_LL/bsnl/Exchange/getAvailableLLNumbers HTTP/1.1" 10.192.219.28 200 - http-bio-9080-exec-2 /OB_SERVICE_LL/bsnl/Exchange/getAvailableLLNumbers 4821 17.868 17868 17868
10.192.219.164 - - [09/Jun/2020:01:48:12 +0530] "POST /Wings/loadWingsLLNos.do HTTP/1.1" 10.192.219.164 200 F262B7137B9D16E227C6BA7D5871BCBE.nod1worker1 http-bio-9080-exec-4 /Wings/loadWingsLLNos.do 5131 17.886 17886 17886
10.192.219.164 - - [09/Jun/2020:02:15:14 +0530] "POST /Wings/uploadImage.do HTTP/1.1" 10.192.219.164 200 B19F48215DE93D1623861E32F38D8720.nod1worker1 http-bio-9080-exec-7 /Wings/uploadImage.do 959599 25.085 25085 25050
10.192.219.164 - - [09/Jun/2020:02:16:46 +0530] "POST /Wings/uploadImage.do HTTP/1.1" 10.192.219.164 200 B19F48215DE93D1623861E32F38D8720.nod1worker1 http-bio-9080-exec-13 /Wings/uploadImage.do 1461806 40.883 40883 40726
10.192.219.164 - - [09/Jun/2020:02:18:34 +0530] "POST /Wings/uploadImage.do HTTP/1.1" 10.192.219.164 200 B19F48215DE93D1623861E32F38D8720.nod1worker1 http-bio-9080-exec-23 /Wings/uploadImage.do 1447807 54.676 54676 54340
10.192.219.164 - - [09/Jun/2020:02:18:42 +0530] "POST /Wings/uploadImage.do HTTP/1.1" 10.192.219.164 200 B19F48215DE93D1623861E32F38D8720.nod1worker1 http-bio-9080-exec-11 /Wings/uploadImage.do 1704975 34.835 34835 34544
10.192.219.28 - - [09/Jun/2020:02:46:02 +0530] "POST /OB_SERVICE_LL/bsnl/Exchange/getAvailableLLNumbers HTTP/1.1" 10.192.219.28 200 - http-bio-9080-exec-23 /OB_SERVICE_LL/bsnl/Exchange/getAvailableLLNumbers 1125 35.793 35793 35793
10.192.219.164 - - [09/Jun/2020:02:46:02 +0530] "POST /Wings/loadWingsLLNos.do HTTP/1.1" 10.192.219.164 200 1386650E7B66F27E849CA72D0CBCB632.nod1worker1 http-bio-9080-exec-25 /Wings/loadWingsLLNos.do 1435 35.806 35806 35806
10.192.219.28 - - [09/Jun/2020:02:46:03 +0530] "POST /OB_SERVICE_LL/bsnl/Exchange/getAvailableLLNumbers HTTP/1.1" 10.192.219.28 200 - http-bio-9080-exec-12 /OB_SERVICE_LL/bsnl/Exchange/getAvailableLLNumbers 1125 15.832 15832 15832
10.192.219.164 - - [09/Jun/2020:02:46:03 +0530] "POST /Wings/loadWingsLLNos.do HTTP/1.1" 10.192.219.164 200 1386650E7B66F27E849CA72D0CBCB632.nod1worker1 http-bio-9080-exec-22 /Wings/loadWingsLLNos.do 1435 15.840 15840 15840
10.192.219.28 - - [09/Jun/2020:02:46:03 +0530] "POST /OB_SERVICE_LL/bsnl/Exchange/getAvailableLLNumbers HTTP/1.1" 10.192.219.28 200 - http-bio-9080-exec-11 /OB_SERVICE_LL/bsnl/Exchange/getAvailableLLNumbers 71 120.180 120180 120180
10.192.219.164 - - [09/Jun/2020:02:46:03 +0530] "POST /Wings/loadWingsLLNos.do HTTP/1.1" 10.192.219.164 200 1386650E7B66F27E849CA72D0CBCB632.nod1worker1 http-bio-9080-exec-18 /Wings/loadWingsLLNos.do 418 120.193 120193 120193
10.192.219.28 - - [09/Jun/2020:02:46:03 +0530] "POST /OB_SERVICE_LL/bsnl/Exchange/getAvailableLLNumbers HTTP/1.1" 10.192.219.28 200 - http-bio-9080-exec-24 /OB_SERVICE_LL/bsnl/Exchange/getAvailableLLNumbers 1125 28.450 28450 28450
10.192.219.164 - - [09/Jun/2020:02:46:03 +0530] "POST /Wings/loadWingsLLNos.do HTTP/1.1" 10.192.219.164 200 1386650E7B66F27E849CA72D0CBCB632.nod1worker1 http-bio-9080-exec-4 /Wings/loadWingsLLNos.do 1435 28.463 28463 28463
10.192.219.28 - - [09/Jun/2020:02:46:08 +0530] "POST /OB_SERVICE_LL/bsnl/Exchange/getAvailableLLNumbers HTTP/1.1" 10.192.219.28 200 - http-bio-9080-exec-16 /OB_SERVICE_LL/bsnl/Exchange/getAvailableLLNumbers 71 120.184 120184 120184
10.192.219.164 - - [09/Jun/2020:02:46:08 +0530] "POST /Wings/loadWingsLLNos.do HTTP/1.1" 10.192.219.164 200 1386650E7B66F27E849CA72D0CBCB632.nod1worker1 http-bio-9080-exec-13 /Wings/loadWingsLLNos.do 418 120.196 120196 120196
10.192.219.28 - - [09/Jun/2020:02:52:36 +0530] "POST /OB_SERVICE_LL/bsnl/Exchange/getAvailableLLNumbers HTTP/1.1" 10.192.219.28 200 - http-bio-9080-exec-7 /OB_SERVICE_LL/bsnl/Exchange/getAvailableLLNumbers 1125 19.117 19117 19117
10.192.219.164 - - [09/Jun/2020:02:52:36 +0530] "POST /Wings/loadWingsLLNos.do HTTP/1.1" 10.192.219.164 200 1386650E7B66F27E849CA72D0CBCB632.nod1worker1 http-bio-9080-exec-13 /Wings/loadWingsLLNos.do 1435 19.130 19130 19130
10.192.219.28 - - [09/Jun/2020:02:53:32 +0530] "POST /OB_SERVICE_LL/bsnl/Exchange/getAvailableLLNumbers HTTP/1.1" 10.192.219.28 200 - http-bio-9080-exec-25 /OB_SERVICE_LL/bsnl/Exchange/getAvailableLLNumbers 1125 15.449 15449 15449
10.192.219.164 - - [09/Jun/2020:02:53:32 +0530] "POST /Wings/loadWingsLLNos.do HTTP/1.1" 10.192.219.164 200 1386650E7B66F27E849CA72D0CBCB632.nod1worker1 http-bio-9080-exec-15 /Wings/loadWingsLLNos.do 1435 15.463 15463 15463
10.192.219.164 - - [09/Jun/2020:05:39:03 +0530] "POST /OB_SERVICE_MOB/bsnl/OnboardIntegrationService/getPairedSim HTTP/1.1" 10.192.219.164 200 - http-bio-9080-exec-5 /OB_SERVICE_MOB/bsnl/OnboardIntegrationService/getPairedSim 99 20.579 20579 20579
10.192.219.165 - - [09/Jun/2020:06:09:44 +0530] "POST /Uniserve-Web/webresources/UserServices/LoginAuthentication HTTP/1.0" 10.192.219.165 200 - http-bio-9080-exec-18 /Uniserve-Web/webresources/UserServices/LoginAuthentication 223 10.499 10499 10499
10.192.219.164 - - [09/Jun/2020:06:44:58 +0530] "POST /OB_SERVICE_MOB/bsnl/DKYCService/saveDKYCJob HTTP/1.1" 10.192.219.164 200 - http-bio-9080-exec-5 /OB_SERVICE_MOB/bsnl/DKYCService/saveDKYCJob 344 62.506 62506 62506
10.192.219.165 - - [09/Jun/2020:06:59:14 +0530] "POST /OB_SERVICE_MOB/bsnl/DKYCService/saveDKYCJob HTTP/1.0" 10.192.219.165 200 - http-bio-9080-exec-6 /OB_SERVICE_MOB/bsnl/DKYCService/saveDKYCJob 344 14.153 14153 14153
10.192.219.165 - - [09/Jun/2020:07:03:26 +0530] "POST /OB_SERVICE_MOB/bsnl/OnboardIntegrationService/getReceiptSeqNumber HTTP/1.0" 10.192.219.165 200 - http-bio-9080-exec-14 /OB_SERVICE_MOB/bsnl/OnboardIntegrationService/getReceiptSeqNumber 437 14.801 14801 14801
10.192.219.164 - - [09/Jun/2020:07:05:02 +0530] "POST /OB_SERVICE_MOB/bsnl/OnboardIntegrationService/getPairedSim HTTP/1.1" 10.192.219.164 200 - http-bio-9080-exec-7 /OB_SERVICE_MOB/bsnl/OnboardIntegrationService/getPairedSim 60 26.657 26657 26657
10.192.219.164 - - [09/Jun/2020:07:22:18 +0530] "POST /OB_SERVICE_MOB/bsnl/DKYCService/saveDKYCJob HTTP/1.1" 10.192.219.164 200 - http-bio-9080-exec-15 /OB_SERVICE_MOB/bsnl/DKYCService/saveDKYCJob 343 10.780 10780 10780
10.192.219.165 - - [09/Jun/2020:07:22:46 +0530] "POST /OB_SERVICE_MOB/bsnl/DKYCService/sendOTPSIMUpgrade HTTP/1.0" 10.192.219.165 200 - http-bio-9080-exec-9 /OB_SERVICE_MOB/bsnl/DKYCService/sendOTPSIMUpgrade 115 16.118 16118 16118
10.192.219.165 - - [09/Jun/2020:07:24:12 +0530] "POST /OB_SERVICE_MOB/bsnl/OnboardIntegrationService/getPairedSim HTTP/1.0" 10.192.219.165 200 - http-bio-9080-exec-6 /OB_SERVICE_MOB/bsnl/OnboardIntegrationService/getPairedSim 60 24.378 24378 24378
10.192.219.165 - - [09/Jun/2020:07:27:04 +0530] "POST /OB_SERVICE_MOB/bsnl/DKYCService/saveDKYCJob HTTP/1.0" 10.192.219.165 200 - http-bio-9080-exec-6 /OB_SERVICE_MOB/bsnl/DKYCService/saveDKYCJob 344 17.741 17741 17741
10.192.219.165 - - [09/Jun/2020:07:33:31 +0530] "POST /OB_SERVICE_MOB/bsnl/DKYCService/saveDKYCJob HTTP/1.0" 10.192.219.165 200 - http-bio-9080-exec-12 /OB_SERVICE_MOB/bsnl/DKYCService/saveDKYCJob 344 18.775 18775 18775
10.192.219.164 - - [09/Jun/2020:07:33:51 +0530] "POST /OB_SERVICE_MOB/bsnl/DKYCService/saveDKYCJob HTTP/1.1" 10.192.219.164 200 - http-bio-9080-exec-17 /OB_SERVICE_MOB/bsnl/DKYCService/saveDKYCJob 344 21.066 21066 21066
10.192.219.164 - - [09/Jun/2020:07:44:09 +0530] "POST /OB_SERVICE_MOB/bsnl/DKYCService/saveDKYCJob HTTP/1.1" 10.192.219.164 200 - http-bio-9080-exec-12 /OB_SERVICE_MOB/bsnl/DKYCService/saveDKYCJob 344 52.634 52634 52634
10.192.219.165 - - [09/Jun/2020:07:45:54 +0530] "POST /OB_SERVICE_MOB/bsnl/DKYCService/saveDKYCJob HTTP/1.0" 10.192.219.165 500 - http-bio-9080-exec-18 /OB_SERVICE_MOB/bsnl/DKYCService/saveDKYCJob 8912 37.310 37310 37310
10.192.219.165 - - [09/Jun/2020:07:48:21 +0530] "POST /OB_SERVICE_MOB/bsnl/DKYCService/saveDKYCJob HTTP/1.0" 10.192.219.165 200 - http-bio-9080-exec-7 /OB_SERVICE_MOB/bsnl/DKYCService/saveDKYCJob 339 107.452 107452 107452
10.192.219.164 - - [09/Jun/2020:07:49:02 +0530] "POST /OB_SERVICE_MOB/bsnl/DKYCService/saveDKYCJob HTTP/1.1" 10.192.219.164 200 - http-bio-9080-exec-20 /OB_SERVICE_MOB/bsnl/DKYCService/saveDKYCJob 343 15.311 15311 15311
10.192.219.164 - - [09/Jun/2020:07:50:05 +0530] "POST /OB_SERVICE_MOB/bsnl/DKYCService/saveDKYCJob HTTP/1.1" 10.192.219.164 200 - http-bio-9080-exec-13 /OB_SERVICE_MOB/bsnl/DKYCService/saveDKYCJob 340 10.304 10304 10304
10.192.219.164 - - [09/Jun/2020:07:51:33 +0530] "POST /OB_SERVICE_MOB/bsnl/DKYCService/saveDKYCJob HTTP/1.1" 10.192.219.164 200 - http-bio-9080-exec-7 /OB_SERVICE_MOB/bsnl/DKYCService/saveDKYCJob 344 46.218 46218 46218
10.192.219.165 - - [09/Jun/2020:07:52:01 +0530] "POST /OB_SERVICE_MOB/bsnl/DKYCService/saveDKYCJob HTTP/1.0" 10.192.219.165 200 - http-bio-9080-exec-3 /OB_SERVICE_MOB/bsnl/DKYCService/saveDKYCJob 344 10.943 10943 10943
10.192.219.164 - - [09/Jun/2020:07:52:05 +0530] "POST /OB_SERVICE_MOB/bsnl/DKYCService/saveDKYCJob HTTP/1.1" 10.192.219.164 200 - http-bio-9080-exec-9 /OB_SERVICE_MOB/bsnl/DKYCService/saveDKYCJob 343 43.109 43109 43109
10.192.219.165 - - [09/Jun/2020:07:53:55 +0530] "POST /OB_SERVICE_MOB/bsnl/DKYCService/saveDKYCJob HTTP/1.0" 10.192.219.165 200 - http-bio-9080-exec-13 /OB_SERVICE_MOB/bsnl/DKYCService/saveDKYCJob 297 23.735 23735 23735
10.192.219.165 - - [09/Jun/2020:07:54:18 +0530] "POST /OB_SERVICE_MOB/bsnl/DKYCService/saveDKYCJob HTTP/1.0" 10.192.219.165 200 - http-bio-9080-exec-14 /OB_SERVICE_MOB/bsnl/DKYCService/saveDKYCJob 344 38.690 38690 38690
10.192.219.165 - - [09/Jun/2020:08:03:04 +0530] "POST /OB_SERVICE_MOB/bsnl/OnboardIntegrationService/getPairedSim HTTP/1.0" 10.192.219.165 200 - http-bio-9080-exec-21 /OB_SERVICE_MOB/bsnl/OnboardIntegrationService/getPairedSim 60 17.163 17163 17163
10.192.219.164 - - [09/Jun/2020:08:04:02 +0530] "POST /OB_SERVICE_MOB/bsnl/DKYCService/saveDKYCJob HTTP/1.1" 10.192.219.164 200 - http-bio-9080-exec-2 /OB_SERVICE_MOB/bsnl/DKYCService/saveDKYCJob 344 15.444 15444 15444
10.192.219.164 - - [09/Jun/2020:08:04:12 +0530] "POST /OB_SERVICE_MOB/bsnl/DKYCService/saveDKYCJob HTTP/1.1" 10.192.219.164 200 - http-bio-9080-exec-20 /OB_SERVICE_MOB/bsnl/DKYCService/saveDKYCJob 344 35.353 35353 35353
10.192.219.165 - - [09/Jun/2020:08:04:59 +0530] "POST /OB_SERVICE_MOB/bsnl/OnboardIntegrationService/getPairedSim HTTP/1.0" 10.192.219.165 200 - http-bio-9080-exec-1 /OB_SERVICE_MOB/bsnl/OnboardIntegrationService/getPairedSim 60 18.087 18087 18087
10.192.219.164 - - [09/Jun/2020:08:07:24 +0530] "POST /OB_SERVICE_MOB/bsnl/DKYCService/saveDKYCJob HTTP/1.1" 10.192.219.164 200 - http-bio-9080-exec-6 /OB_SERVICE_MOB/bsnl/DKYCService/saveDKYCJob 343 10.659 10659 10659
10.192.219.164 - - [09/Jun/2020:08:07:29 +0530] "POST /OB_SERVICE_MOB/bsnl/OnboardIntegrationService/getPairedSim HTTP/1.1" 10.192.219.164 200 - http-bio-9080-exec-17 /OB_SERVICE_MOB/bsnl/OnboardIntegrationService/getPairedSim 60 12.289 12289 12289
10.192.219.164 - - [09/Jun/2020:08:08:52 +0530] "POST /OB_SERVICE_MOB/bsnl/DKYCService/saveDKYCJob HTTP/1.1" 10.192.219.164 200 - http-bio-9080-exec-22 /OB_SERVICE_MOB/bsnl/DKYCService/saveDKYCJob 344 10.498 10498 10498
10.192.219.164 - - [09/Jun/2020:08:09:04 +0530] "POST /OB_SERVICE_MOB/bsnl/DKYCService/saveDKYCJob HTTP/1.1" 10.192.219.164 200 - http-bio-9080-exec-15 /OB_SERVICE_MOB/bsnl/DKYCService/saveDKYCJob 317 11.275 11275 11275
10.192.219.164 - - [09/Jun/2020:08:11:36 +0530] "POST /OB_SERVICE_MOB/bsnl/DKYCService/saveDKYCJob HTTP/1.1" 10.192.219.164 200 - http-bio-9080-exec-9 /OB_SERVICE_MOB/bsnl/DKYCService/saveDKYCJob 344 16.839 16839 16839
10.192.219.164 - - [09/Jun/2020:08:11:39 +0530] "POST /OB_SERVICE_MOB/bsnl/DKYCService/saveDKYCJob HTTP/1.1" 10.192.219.164 200 - http-bio-9080-exec-25 /OB_SERVICE_MOB/bsnl/DKYCService/saveDKYCJob 343 16.490 16490 16490
10.192.219.165 - - [09/Jun/2020:08:13:30 +0530] "POST /OB_SERVICE_MOB/bsnl/DKYCService/saveDKYCJob HTTP/1.0" 10.192.219.165 200 - http-bio-9080-exec-19 /OB_SERVICE_MOB/bsnl/DKYCService/saveDKYCJob 344 38.644 38644 38644
10.192.219.164 - - [09/Jun/2020:08:15:40 +0530] "POST /OB_SERVICE_MOB/bsnl/DKYCService/saveDKYCJob HTTP/1.1" 10.192.219.164 500 - http-bio-9080-exec-12 /OB_SERVICE_MOB/bsnl/DKYCService/saveDKYCJob 8932 48.954 48954 48954
10.192.219.165 - - [09/Jun/2020:08:19:47 +0530] "POST /OB_SERVICE_MOB/bsnl/OnboardIntegrationService/getPairedSim HTTP/1.0" 10.192.219.165 200 - http-bio-9080-exec-11 /OB_SERVICE_MOB/bsnl/OnboardIntegrationService/getPairedSim 60 15.576 15576 15576
10.192.219.165 - - [09/Jun/2020:08:20:17 +0530] "POST /OB_SERVICE_MOB/bsnl/DKYCService/saveDKYCJob HTTP/1.0" 10.192.219.165 200 - http-bio-9080-exec-17 /OB_SERVICE_MOB/bsnl/DKYCService/saveDKYCJob 343 53.889 53889 53889
10.192.219.164 - - [09/Jun/2020:08:20:51 +0530] "POST /OB_SERVICE_MOB/bsnl/DKYCService/saveDKYCJob HTTP/1.1" 10.192.219.164 200 - http-bio-9080-exec-24 /OB_SERVICE_MOB/bsnl/DKYCService/saveDKYCJob 343 16.040 16040 16040
10.192.219.165 - - [09/Jun/2020:08:21:23 +0530] "POST /OB_SERVICE_MOB/bsnl/DKYCService/saveDKYCJob HTTP/1.0" 10.192.219.165 200 - http-bio-9080-exec-20 /OB_SERVICE_MOB/bsnl/DKYCService/saveDKYCJob 344 14.228 14228 14228
10.192.219.165 - - [09/Jun/2020:08:22:52 +0530] "POST /OB_SERVICE_MOB/bsnl/DKYCService/saveDKYCJob HTTP/1.0" 10.192.219.165 200 - http-bio-9080-exec-2 /OB_SERVICE_MOB/bsnl/DKYCService/saveDKYCJob 344 19.979 19979 19979
10.192.219.164 - - [09/Jun/2020:08:23:44 +0530] "POST /OB_SERVICE_MOB/bsnl/DKYCService/saveDKYCJob HTTP/1.1" 10.192.219.164 200 - http-bio-9080-exec-17 /OB_SERVICE_MOB/bsnl/DKYCService/saveDKYCJob 342 19.528 19528 19528
10.192.219.165 - - [09/Jun/2020:08:29:10 +0530] "POST /OB_SERVICE_MOB/bsnl/OnboardIntegrationService/getPairedSim HTTP/1.0" 10.192.219.165 200 - http-bio-9080-exec-12 /OB_SERVICE_MOB/bsnl/OnboardIntegrationService/getPairedSim 60 16.338 16338 16338
10.192.219.164 - - [09/Jun/2020:08:32:12 +0530] "POST /OB_SERVICE_MOB/bsnl/DKYCService/saveDKYCJob HTTP/1.1" 10.192.219.164 200 - http-bio-9080-exec-7 /OB_SERVICE_MOB/bsnl/DKYCService/saveDKYCJob 343 14.564 14564 14564
10.192.219.165 - - [09/Jun/2020:08:37:43 +0530] "POST /OB_SERVICE_MOB/bsnl/DKYCService/saveDKYCJob HTTP/1.0" 10.192.219.165 200 - http-bio-9080-exec-10 /OB_SERVICE_MOB/bsnl/DKYCService/saveDKYCJob 344 10.206 10206 10205
10.192.219.165 - - [09/Jun/2020:08:39:22 +0530] "POST /OB_SERVICE_MOB/bsnl/OnboardIntegrationService/getPairedSim HTTP/1.0" 10.192.219.165 200 - http-bio-9080-exec-12 /OB_SERVICE_MOB/bsnl/OnboardIntegrationService/getPairedSim 103 10.542 10542 10542
10.192.219.164 - - [09/Jun/2020:08:47:19 +0530] "POST /OB_SERVICE_MOB/bsnl/DKYCService/saveDKYCJob HTTP/1.1" 10.192.219.164 200 - http-bio-9080-exec-20 /OB_SERVICE_MOB/bsnl/DKYCService/saveDKYCJob 344 46.638 46638 46638
10.192.219.165 - - [09/Jun/2020:08:48:30 +0530] "POST /OB_SERVICE_MOB/bsnl/OnboardIntegrationService/getPairedSim HTTP/1.0" 10.192.219.165 200 - http-bio-9080-exec-25 /OB_SERVICE_MOB/bsnl/OnboardIntegrationService/getPairedSim 96 27.390 27390 27390
10.192.219.164 - - [09/Jun/2020:08:49:27 +0530] "POST /OB_SERVICE_MOB/bsnl/DKYCService/saveDKYCJob HTTP/1.1" 10.192.219.164 200 - http-bio-9080-exec-25 /OB_SERVICE_MOB/bsnl/DKYCService/saveDKYCJob 341 21.787 21787 21787
10.192.219.165 - - [09/Jun/2020:08:49:30 +0530] "POST /OB_SERVICE_MOB/bsnl/DKYCService/saveDKYCJob HTTP/1.0" 10.192.219.165 200 - http-bio-9080-exec-12 /OB_SERVICE_MOB/bsnl/DKYCService/saveDKYCJob 342 17.579 17579 17579
10.192.219.164 - - [09/Jun/2020:08:49:51 +0530] "POST /OB_SERVICE_MOB/bsnl/DKYCService/saveDKYCJob HTTP/1.1" 10.192.219.164 200 - http-bio-9080-exec-11 /OB_SERVICE_MOB/bsnl/DKYCService/saveDKYCJob 344 11.943 11943 11943
10.192.219.165 - - [09/Jun/2020:08:50:50 +0530] "POST /OB_SERVICE_MOB/bsnl/DKYCService/saveDKYCJob HTTP/1.0" 10.192.219.165 400 - http-bio-9080-exec-14 /OB_SERVICE_MOB/bsnl/DKYCService/saveDKYCJob 958 11.552 11552 11552
10.192.219.165 - - [09/Jun/2020:08:51:01 +0530] "POST /OB_SERVICE_MOB/bsnl/DKYCService/saveKYCJob HTTP/1.0" 10.192.219.165 200 - http-bio-9080-exec-17 /OB_SERVICE_MOB/bsnl/DKYCService/saveKYCJob 344 30.079 30079 30079
10.192.219.165 - - [09/Jun/2020:08:51:09 +0530] "POST /OB_SERVICE_MOB/bsnl/DKYCService/saveDKYCJob HTTP/1.0" 10.192.219.165 200 - http-bio-9080-exec-22 /OB_SERVICE_MOB/bsnl/DKYCService/saveDKYCJob 344 19.173 19173 19173
10.192.219.165 - - [09/Jun/2020:08:51:19 +0530] "POST /OB_SERVICE_MOB/bsnl/DKYCService/saveDKYCJob HTTP/1.0" 10.192.219.165 200 - http-bio-9080-exec-6 /OB_SERVICE_MOB/bsnl/DKYCService/saveDKYCJob 344 83.830 83830 83830
10.192.219.165 - - [09/Jun/2020:08:51:19 +0530] "POST /OB_SERVICE_MOB/bsnl/DKYCService/saveDKYCJob HTTP/1.0" 10.192.219.165 400 - http-bio-9080-exec-21 /OB_SERVICE_MOB/bsnl/DKYCService/saveDKYCJob 958 16.280 16280 16280
10.192.219.164 - - [09/Jun/2020:08:51:48 +0530] "POST /OB_SERVICE_MOB/bsnl/DKYCService/saveDKYCJob HTTP/1.1" 10.192.219.164 200 - http-bio-9080-exec-3 /OB_SERVICE_MOB/bsnl/DKYCService/saveDKYCJob 344 42.244 42244 42244
10.192.219.164 - - [09/Jun/2020:08:51:54 +0530] "POST /OB_SERVICE_MOB/bsnl/DKYCService/saveDKYCJob HTTP/1.1" 10.192.219.164 200 - http-bio-9080-exec-14 /OB_SERVICE_MOB/bsnl/DKYCService/saveDKYCJob 344 50.103 50103 50103
10.192.219.164 - - [09/Jun/2020:08:52:02 +0530] "POST /OB_SERVICE_MOB/bsnl/DKYCService/saveDKYCJob HTTP/1.1" 10.192.219.164 200 - http-bio-9080-exec-22 /OB_SERVICE_MOB/bsnl/DKYCService/saveDKYCJob 344 18.320 18320 18320
10.192.219.165 - - [09/Jun/2020:08:54:38 +0530] "POST /OB_SERVICE_MOB/bsnl/OnboardIntegrationService/getPairedSim HTTP/1.0" 10.192.219.165 200 - http-bio-9080-exec-15 /OB_SERVICE_MOB/bsnl/OnboardIntegrationService/getPairedSim 96 17.605 17605 17605
10.192.219.164 - - [09/Jun/2020:08:55:14 +0530] "POST /OB_SERVICE_MOB/bsnl/DKYCService/saveDKYCJob HTTP/1.1" 10.192.219.164 200 - http-bio-9080-exec-7 /OB_SERVICE_MOB/bsnl/DKYCService/saveDKYCJob 344 37.229 37229 37229
10.192.219.165 - - [09/Jun/2020:08:55:29 +0530] "POST /OB_SERVICE_MOB/bsnl/DKYCService/saveDKYCJob HTTP/1.0" 10.192.219.165 500 - http-bio-9080-exec-24 /OB_SERVICE_MOB/bsnl/DKYCService/saveDKYCJob 8912 40.067 40067 40067
10.192.219.165 - - [09/Jun/2020:08:55:38 +0530] "POST /OB_SERVICE_MOB/bsnl/DKYCService/saveDKYCJob HTTP/1.0" 10.192.219.165 200 - http-bio-9080-exec-12 /OB_SERVICE_MOB/bsnl/DKYCService/saveDKYCJob 344 10.834 10834 10834
10.192.219.164 - - [09/Jun/2020:08:56:03 +0530] "POST /OB_SERVICE_MOB/bsnl/DKYCService/saveDKYCJob HTTP/1.1" 10.192.219.164 400 - http-bio-9080-exec-25 /OB_SERVICE_MOB/bsnl/DKYCService/saveDKYCJob 958 17.651 17651 17651
10.192.219.164 - - [09/Jun/2020:08:56:10 +0530] "POST /OB_SERVICE_MOB/bsnl/DKYCService/saveDKYCJob HTTP/1.1" 10.192.219.164 200 - http-bio-9080-exec-14 /OB_SERVICE_MOB/bsnl/DKYCService/saveDKYCJob 344 21.791 21791 21791
10.192.219.164 - - [09/Jun/2020:08:57:59 +0530] "POST /OB_SERVICE_MOB/bsnl/DKYCService/saveDKYCJob HTTP/1.1" 10.192.219.164 200 - http-bio-9080-exec-5 /OB_SERVICE_MOB/bsnl/DKYCService/saveDKYCJob 344 12.394 12394 12394
10.192.219.164 - - [09/Jun/2020:09:00:10 +0530] "POST /OB_SERVICE_MOB/bsnl/CYMNService/fetchCYMNNos HTTP/1.1" 10.192.219.164 200 - http-bio-9080-exec-19 /OB_SERVICE_MOB/bsnl/CYMNService/fetchCYMNNos 5511 11.017 11017 11017
10.192.219.165 - - [09/Jun/2020:09:00:28 +0530] "POST /OB_SERVICE_MOB/bsnl/DKYCService/saveDKYCJob HTTP/1.0" 10.192.219.165 200 - http-bio-9080-exec-11 /OB_SERVICE_MOB/bsnl/DKYCService/saveDKYCJob 343 10.448 10448 10448
10.192.219.165 - - [09/Jun/2020:09:01:03 +0530] "POST /OB_SERVICE_MOB/bsnl/OnboardIntegrationService/getPairedSim HTTP/1.0" 10.192.219.165 200 - http-bio-9080-exec-21 /OB_SERVICE_MOB/bsnl/OnboardIntegrationService/getPairedSim 60 28.051 28051 28051
10.192.219.165 - - [09/Jun/2020:09:01:11 +0530] "POST /OB_SERVICE_MOB/bsnl/DKYCService/saveDKYCJob HTTP/1.0" 10.192.219.165 400 - http-bio-9080-exec-15 /OB_SERVICE_MOB/bsnl/DKYCService/saveDKYCJob 958 21.808 21808 21808
10.192.219.165 - - [09/Jun/2020:09:01:17 +0530] "POST /OB_SERVICE_MOB/bsnl/DKYCService/saveDKYCJob HTTP/1.0" 10.192.219.165 200 - http-bio-9080-exec-12 /OB_SERVICE_MOB/bsnl/DKYCService/saveDKYCJob 344 10.199 10199 10199
10.192.219.164 - - [09/Jun/2020:09:03:08 +0530] "POST /OB_SERVICE_MOB/bsnl/DKYCService/saveDKYCJob HTTP/1.1" 10.192.219.164 200 - http-bio-9080-exec-18 /OB_SERVICE_MOB/bsnl/DKYCService/saveDKYCJob 344 11.022 11022 11022
10.192.219.165 - - [09/Jun/2020:09:03:18 +0530] "POST /OB_SERVICE_MOB/bsnl/DKYCService/saveDKYCJob HTTP/1.0" 10.192.219.165 200 - http-bio-9080-exec-1 /OB_SERVICE_MOB/bsnl/DKYCService/saveDKYCJob 344 13.683 13683 13683
10.192.219.164 - - [09/Jun/2020:09:06:45 +0530] "POST /OB_SERVICE_MOB/bsnl/POSInfo/updatePOSAddrDetails HTTP/1.1" 10.192.219.164 500 - http-bio-9080-exec-21 /OB_SERVICE_MOB/bsnl/POSInfo/updatePOSAddrDetails 8932 81.382 81382 81382
10.192.219.164 - - [09/Jun/2020:09:07:07 +0530] "POST /OB_SERVICE_MOB/bsnl/DKYCService/saveDKYCJob HTTP/1.1" 10.192.219.164 200 - http-bio-9080-exec-14 /OB_SERVICE_MOB/bsnl/DKYCService/saveDKYCJob 344 11.667 11667 11666
10.192.219.164 - - [09/Jun/2020:09:12:33 +0530] "POST /OB_SERVICE_MOB/bsnl/OnboardIntegrationService/getPairedSim HTTP/1.1" 10.192.219.164 200 - http-bio-9080-exec-10 /OB_SERVICE_MOB/bsnl/OnboardIntegrationService/getPairedSim 60 23.905 23905 23905
10.192.219.164 - - [09/Jun/2020:09:15:04 +0530] "POST /OB_SERVICE_MOB/bsnl/DKYCService/saveDKYCJob HTTP/1.1" 10.192.219.164 200 - http-bio-9080-exec-25 /OB_SERVICE_MOB/bsnl/DKYCService/saveDKYCJob 341 21.442 21442 21442
10.192.219.164 - - [09/Jun/2020:09:16:23 +0530] "POST /OB_SERVICE_MOB/bsnl/DKYCService/saveDKYCJob HTTP/1.1" 10.192.219.164 200 - http-bio-9080-exec-10 /OB_SERVICE_MOB/bsnl/DKYCService/saveDKYCJob 317 15.513 15513 15513
10.192.219.164 - - [09/Jun/2020:09:16:39 +0530] "POST /OB_SERVICE_MOB/bsnl/DKYCService/saveDKYCJob HTTP/1.1" 10.192.219.164 200 - http-bio-9080-exec-7 /OB_SERVICE_MOB/bsnl/DKYCService/saveDKYCJob 344 14.594 14594 14594
10.192.219.164 - - [09/Jun/2020:09:17:04 +0530] "POST /OB_SERVICE_MOB/bsnl/DKYCService/saveDKYCJob HTTP/1.1" 10.192.219.164 200 - http-bio-9080-exec-21 /OB_SERVICE_MOB/bsnl/DKYCService/saveDKYCJob 317 14.888 14888 14888
10.192.219.164 - - [09/Jun/2020:09:17:40 +0530] "POST /OB_SERVICE_MOB/bsnl/DKYCService/saveDKYCJob HTTP/1.1" 10.192.219.164 200 - http-bio-9080-exec-10 /OB_SERVICE_MOB/bsnl/DKYCService/saveDKYCJob 343 19.002 19002 19002
10.192.219.164 - - [09/Jun/2020:09:17:42 +0530] "POST /OB_SERVICE_MOB/bsnl/DKYCService/saveDKYCJob HTTP/1.1" 10.192.219.164 200 - http-bio-9080-exec-21 /OB_SERVICE_MOB/bsnl/DKYCService/saveDKYCJob 344 19.201 19201 19201
10.192.219.164 - - [09/Jun/2020:09:17:46 +0530] "POST /OB_SERVICE_MOB/bsnl/DKYCService/saveDKYCJob HTTP/1.1" 10.192.219.164 200 - http-bio-9080-exec-11 /OB_SERVICE_MOB/bsnl/DKYCService/saveDKYCJob 342 13.594 13594 13594
10.192.219.164 - - [09/Jun/2020:09:18:37 +0530] "POST /OB_SERVICE_MOB/bsnl/DKYCService/saveDKYCJob HTTP/1.1" 10.192.219.164 200 - http-bio-9080-exec-11 /OB_SERVICE_MOB/bsnl/DKYCService/saveDKYCJob 344 14.862 14862 14862
10.192.219.164 - - [09/Jun/2020:09:21:45 +0530] "POST /OB_SERVICE_MOB/bsnl/OnboardIntegrationService/getPairedSim HTTP/1.1" 10.192.219.164 200 - http-bio-9080-exec-20 /OB_SERVICE_MOB/bsnl/OnboardIntegrationService/getPairedSim 60 32.414 32414 32414
10.192.219.164 - - [09/Jun/2020:09:22:39 +0530] "POST /OB_SERVICE_MOB/bsnl/DKYCService/saveDKYCJob HTTP/1.1" 10.192.219.164 200 - http-bio-9080-exec-19 /OB_SERVICE_MOB/bsnl/DKYCService/saveDKYCJob 343 25.609 25609 25608
10.192.219.165 - - [09/Jun/2020:09:22:53 +0530] "POST /OB_SERVICE_MOB/bsnl/DKYCService/saveDKYCJob HTTP/1.0" 10.192.219.165 200 - http-bio-9080-exec-15 /OB_SERVICE_MOB/bsnl/DKYCService/saveDKYCJob 343 11.447 11447 11447
10.192.219.164 - - [09/Jun/2020:09:24:47 +0530] "POST /OB_SERVICE_MOB/bsnl/OnboardIntegrationService/getPairedSim HTTP/1.1" 10.192.219.164 200 - http-bio-9080-exec-16 /OB_SERVICE_MOB/bsnl/OnboardIntegrationService/getPairedSim 103 22.988 22988 22988
10.192.219.164 - - [09/Jun/2020:09:25:08 +0530] "POST /OB_SERVICE_MOB/bsnl/OnboardIntegrationService/getPairedSim HTTP/1.1" 10.192.219.164 200 - http-bio-9080-exec-10 /OB_SERVICE_MOB/bsnl/OnboardIntegrationService/getPairedSim 96 24.320 24320 24320
10.192.219.165 - - [09/Jun/2020:09:25:30 +0530] "POST /OB_SERVICE_MOB/bsnl/DKYCService/sendOTPSIMUpgrade HTTP/1.0" 10.192.219.165 200 - http-bio-9080-exec-13 /OB_SERVICE_MOB/bsnl/DKYCService/sendOTPSIMUpgrade 115 19.190 19190 19190
10.192.219.165 - - [09/Jun/2020:09:25:55 +0530] "POST /Uniserve-Web/webresources/UserServices/CreateAgentUser HTTP/1.0" 10.192.219.165 200 - http-bio-9080-exec-16 /Uniserve-Web/webresources/UserServices/CreateAgentUser 88 27.801 27801 27801
10.192.219.165 - - [09/Jun/2020:09:26:13 +0530] "POST /OB_SERVICE_MOB/bsnl/DKYCService/saveDKYCJob HTTP/1.0" 10.192.219.165 200 - http-bio-9080-exec-14 /OB_SERVICE_MOB/bsnl/DKYCService/saveDKYCJob 344 23.061 23061 23061
10.192.219.164 - - [09/Jun/2020:09:26:19 +0530] "POST /OB_SERVICE_MOB/bsnl/DKYCService/saveDKYCJob HTTP/1.1" 10.192.219.164 200 - http-bio-9080-exec-15 /OB_SERVICE_MOB/bsnl/DKYCService/saveDKYCJob 344 19.540 19540 19540
10.192.219.165 - - [09/Jun/2020:09:26:42 +0530] "POST /OB_SERVICE_MOB/bsnl/DKYCService/saveDKYCJob HTTP/1.0" 10.192.219.165 500 - http-bio-9080-exec-23 /OB_SERVICE_MOB/bsnl/DKYCService/saveDKYCJob 8912 67.932 67932 67932
10.192.219.165 - - [09/Jun/2020:09:31:50 +0530] "POST /Uniserve-Web/webresources/UserServices/UpdateAgentUser HTTP/1.0" 10.192.219.165 200 - http-bio-9080-exec-4 /Uniserve-Web/webresources/UserServices/UpdateAgentUser 48 12.096 12096 12096
10.192.219.164 - - [09/Jun/2020:09:32:09 +0530] "POST /OB_SERVICE_MOB/bsnl/DKYCService/saveDKYCJob HTTP/1.1" 10.192.219.164 200 - http-bio-9080-exec-24 /OB_SERVICE_MOB/bsnl/DKYCService/saveDKYCJob 344 11.359 11359 11359
10.192.219.164 - - [09/Jun/2020:09:32:16 +0530] "POST /OB_SERVICE_MOB/bsnl/OnboardIntegrationService/getPairedSim HTTP/1.1" 10.192.219.164 200 - http-bio-9080-exec-1 /OB_SERVICE_MOB/bsnl/OnboardIntegrationService/getPairedSim 103 27.416 27416 27416
10.192.219.165 - - [09/Jun/2020:09:33:04 +0530] "POST /OB_SERVICE_MOB/bsnl/DKYCService/saveDKYCJob HTTP/1.0" 10.192.219.165 200 - http-bio-9080-exec-9 /OB_SERVICE_MOB/bsnl/DKYCService/saveDKYCJob 342 25.495 25495 25495
10.192.219.165 - - [09/Jun/2020:09:34:15 +0530] "POST /OB_SERVICE_MOB/bsnl/DKYCService/saveDKYCJob HTTP/1.0" 10.192.219.165 200 - http-bio-9080-exec-19 /OB_SERVICE_MOB/bsnl/DKYCService/saveDKYCJob 339 14.044 14044 14044
10.192.219.28 - - [09/Jun/2020:09:34:17 +0530] "POST /OB_SERVICE_LL/bsnl/Exchange/getAvailableLLNumbers HTTP/1.1" 10.192.219.28 200 - http-bio-9080-exec-17 /OB_SERVICE_LL/bsnl/Exchange/getAvailableLLNumbers 1125 31.097 31097 31097
10.192.219.164 - - [09/Jun/2020:09:34:17 +0530] "POST /Wings/loadWingsLLNos.do HTTP/1.1" 10.192.219.164 200 9375B869148DF147B8BAF0D1F562F171.nod1worker1 http-bio-9080-exec-6 /Wings/loadWingsLLNos.do 1435 31.108 31108 31108
10.192.219.164 - - [09/Jun/2020:09:37:10 +0530] "POST /OB_SERVICE_MOB/bsnl/DKYCService/saveDKYCJob HTTP/1.1" 10.192.219.164 200 - http-bio-9080-exec-12 /OB_SERVICE_MOB/bsnl/DKYCService/saveDKYCJob 399 12.853 12853 12853
10.192.219.164 - - [09/Jun/2020:09:37:11 +0530] "POST /OB_SERVICE_MOB/bsnl/OnboardIntegrationService/getPairedSim HTTP/1.1" 10.192.219.164 200 - http-bio-9080-exec-13 /OB_SERVICE_MOB/bsnl/OnboardIntegrationService/getPairedSim 96 18.303 18303 18303
10.192.219.164 - - [09/Jun/2020:09:37:45 +0530] "POST /OB_SERVICE_MOB/bsnl/OnboardIntegrationService/getPairedSim HTTP/1.1" 10.192.219.164 200 - http-bio-9080-exec-2 /OB_SERVICE_MOB/bsnl/OnboardIntegrationService/getPairedSim 60 26.157 26157 26157
10.192.219.164 - - [09/Jun/2020:09:39:30 +0530] "POST /Uniserve-Web/webresources/UserServices/UpdateAgentUser HTTP/1.1" 10.192.219.164 200 - http-bio-9080-exec-21 /Uniserve-Web/webresources/UserServices/UpdateAgentUser 71 11.072 11072 11072
10.192.219.164 - - [09/Jun/2020:09:39:42 +0530] "POST /Wings/uploadImage.do HTTP/1.1" 10.192.219.164 200 DCE01F56839F80DFA2DF300F5B94D9EF.nod1worker1 http-bio-9080-exec-25 /Wings/uploadImage.do 3142321 14.698 14698 14376
10.192.219.164 - - [09/Jun/2020:09:40:17 +0530] "POST /Wings/uploadImage.do HTTP/1.1" 10.192.219.164 200 DCE01F56839F80DFA2DF300F5B94D9EF.nod1worker1 http-bio-9080-exec-18 /Wings/uploadImage.do 3382338 35.892 35892 21987
10.192.219.165 - - [09/Jun/2020:09:40:22 +0530] "POST /OB_SERVICE_MOB/bsnl/DKYCService/saveDKYCJob HTTP/1.0" 10.192.219.165 200 - http-bio-9080-exec-19 /OB_SERVICE_MOB/bsnl/DKYCService/saveDKYCJob 344 17.192 17192 17192
10.192.219.164 - - [09/Jun/2020:09:40:24 +0530] "POST /Wings/uploadImage.do HTTP/1.1" 10.192.219.164 200 DCE01F56839F80DFA2DF300F5B94D9EF.nod1worker1 http-bio-9080-exec-26 /Wings/uploadImage.do 3006089 23.705 23705 23342
10.192.219.164 - - [09/Jun/2020:09:40:48 +0530] "POST /Wings/uploadImage.do HTTP/1.1" 10.192.219.164 200 DCE01F56839F80DFA2DF300F5B94D9EF.nod1worker1 http-bio-9080-exec-15 /Wings/uploadImage.do 3213369 28.912 28912 28447
10.192.219.165 - - [09/Jun/2020:09:41:57 +0530] "POST /OB_SERVICE_MOB/bsnl/OnboardIntegrationService/getPairedSim HTTP/1.0" 10.192.219.165 200 - http-bio-9080-exec-1 /OB_SERVICE_MOB/bsnl/OnboardIntegrationService/getPairedSim 96 19.295 19295 19295
10.192.219.164 - - [09/Jun/2020:09:44:40 +0530] "POST /OB_SERVICE_MOB/bsnl/OnboardIntegrationService/getPairedSim HTTP/1.1" 10.192.219.164 200 - http-bio-9080-exec-19 /OB_SERVICE_MOB/bsnl/OnboardIntegrationService/getPairedSim 96 20.635 20635 20635
10.192.219.165 - - [09/Jun/2020:09:45:46 +0530] "POST /OB_SERVICE_MOB/bsnl/DKYCService/saveDKYCJob HTTP/1.0" 10.192.219.165 200 - http-bio-9080-exec-23 /OB_SERVICE_MOB/bsnl/DKYCService/saveDKYCJob 343 25.073 25073 25073
10.192.219.165 - - [09/Jun/2020:09:46:26 +0530] "POST /OB_SERVICE_MOB/bsnl/DKYCService/saveDKYCJob HTTP/1.0" 10.192.219.165 200 - http-bio-9080-exec-19 /OB_SERVICE_MOB/bsnl/DKYCService/saveDKYCJob 344 56.907 56907 56907
10.192.219.164 - - [09/Jun/2020:09:46:55 +0530] "POST /OB_SERVICE_MOB/bsnl/DKYCService/saveDKYCJob HTTP/1.1" 10.192.219.164 200 - http-bio-9080-exec-15 /OB_SERVICE_MOB/bsnl/DKYCService/saveDKYCJob 343 20.998 20998 20998
10.192.219.165 - - [09/Jun/2020:09:47:01 +0530] "POST /OB_SERVICE_MOB/bsnl/DKYCService/saveDKYCJob HTTP/1.0" 10.192.219.165 400 - http-bio-9080-exec-12 /OB_SERVICE_MOB/bsnl/DKYCService/saveDKYCJob 958 18.285 18285 18285
10.192.219.164 - - [09/Jun/2020:09:47:13 +0530] "POST /OB_SERVICE_MOB/bsnl/DKYCService/saveDKYCJob HTTP/1.1" 10.192.219.164 200 - http-bio-9080-exec-19 /OB_SERVICE_MOB/bsnl/DKYCService/saveDKYCJob 344 26.462 26462 26462
10.192.219.165 - - [09/Jun/2020:09:47:39 +0530] "POST /OB_SERVICE_MOB/bsnl/DKYCService/saveDKYCJob HTTP/1.0" 10.192.219.165 200 - http-bio-9080-exec-4 /OB_SERVICE_MOB/bsnl/DKYCService/saveDKYCJob 344 21.958 21958 21958
10.192.219.164 - - [09/Jun/2020:09:48:21 +0530] "POST /OB_SERVICE_MOB/bsnl/DKYCService/saveDKYCJob HTTP/1.1" 10.192.219.164 200 - http-bio-9080-exec-9 /OB_SERVICE_MOB/bsnl/DKYCService/saveDKYCJob 344 14.187 14187 14187
10.192.219.164 - - [09/Jun/2020:09:48:44 +0530] "POST /OB_SERVICE_MOB/bsnl/DKYCService/saveDKYCJob HTTP/1.1" 10.192.219.164 200 - http-bio-9080-exec-5 /OB_SERVICE_MOB/bsnl/DKYCService/saveDKYCJob 344 48.451 48451 48451
10.192.219.165 - - [09/Jun/2020:09:48:45 +0530] "POST /OB_SERVICE_MOB/bsnl/DKYCService/saveDKYCJob HTTP/1.0" 10.192.219.165 200 - http-bio-9080-exec-2 /OB_SERVICE_MOB/bsnl/DKYCService/saveDKYCJob 344 23.788 23788 23788
10.192.219.164 - - [09/Jun/2020:09:49:10 +0530] "POST /OB_SERVICE_MOB/bsnl/DKYCService/saveDKYCJob HTTP/1.1" 10.192.219.164 200 - http-bio-9080-exec-10 /OB_SERVICE_MOB/bsnl/DKYCService/saveDKYCJob 344 36.792 36792 36792
10.192.219.165 - - [09/Jun/2020:09:49:50 +0530] "POST /OB_SERVICE_MOB/bsnl/DKYCService/saveDKYCJob HTTP/1.0" 10.192.219.165 200 - http-bio-9080-exec-12 /OB_SERVICE_MOB/bsnl/DKYCService/saveDKYCJob 341 48.021 48021 48021
10.192.219.164 - - [09/Jun/2020:09:50:24 +0530] "POST /OB_SERVICE_MOB/bsnl/DKYCService/saveDKYCJob HTTP/1.1" 10.192.219.164 200 - http-bio-9080-exec-11 /OB_SERVICE_MOB/bsnl/DKYCService/saveDKYCJob 344 25.784 25784 25784
10.192.219.164 - - [09/Jun/2020:09:52:36 +0530] "POST /OB_SERVICE_MOB/bsnl/DKYCService/saveDKYCJob HTTP/1.1" 10.192.219.164 200 - http-bio-9080-exec-19 /OB_SERVICE_MOB/bsnl/DKYCService/saveDKYCJob 344 95.509 95509 95509
10.192.219.164 - - [09/Jun/2020:09:53:51 +0530] "POST /OB_SERVICE_MOB/bsnl/DKYCService/saveDKYCJob HTTP/1.1" 10.192.219.164 200 - http-bio-9080-exec-15 /OB_SERVICE_MOB/bsnl/DKYCService/saveDKYCJob 344 10.894 10894 10894
10.192.219.164 - - [09/Jun/2020:09:53:53 +0530] "POST /OB_SERVICE_MOB/bsnl/DKYCService/saveDKYCJob HTTP/1.1" 10.192.219.164 200 - http-bio-9080-exec-23 /OB_SERVICE_MOB/bsnl/DKYCService/saveDKYCJob 344 10.117 10117 10117
10.192.219.165 - - [09/Jun/2020:09:54:40 +0530] "POST /OB_SERVICE_MOB/bsnl/OnboardIntegrationService/getPairedSim HTTP/1.0" 10.192.219.165 200 - http-bio-9080-exec-26 /OB_SERVICE_MOB/bsnl/OnboardIntegrationService/getPairedSim 60 19.721 19721 19721
10.192.219.164 - - [09/Jun/2020:09:54:59 +0530] "POST /OB_SERVICE_MOB/bsnl/DKYCService/saveDKYCJob HTTP/1.1" 10.192.219.164 500 - http-bio-9080-exec-15 /OB_SERVICE_MOB/bsnl/DKYCService/saveDKYCJob 8932 49.477 49477 49477
10.192.219.165 - - [09/Jun/2020:09:55:07 +0530] "POST /OB_SERVICE_MOB/bsnl/OnboardIntegrationService/getJobsCurrentStatus HTTP/1.0" 10.192.219.165 200 - http-bio-9080-exec-6 /OB_SERVICE_MOB/bsnl/OnboardIntegrationService/getJobsCurrentStatus 62522 11.260 11260 11260
10.192.219.165 - - [09/Jun/2020:09:55:07 +0530] "POST /OB_SERVICE_MOB/bsnl/OnboardIntegrationService/getFormFieldsForMobile HTTP/1.0" 10.192.219.165 200 - http-bio-9080-exec-2 /OB_SERVICE_MOB/bsnl/OnboardIntegrationService/getFormFieldsForMobile 2059 10.054 10054 10054
10.192.219.164 - - [09/Jun/2020:09:55:08 +0530] "POST /OB_SERVICE_MOB/bsnl/CYMNService/fetchCYMNNos HTTP/1.1" 10.192.219.164 200 - http-bio-9080-exec-9 /OB_SERVICE_MOB/bsnl/CYMNService/fetchCYMNNos 2499 11.303 11303 11303
10.192.219.165 - - [09/Jun/2020:09:55:08 +0530] "POST /OB_SERVICE_MOB/bsnl/DKYCService/saveDKYCJob HTTP/1.0" 10.192.219.165 200 - http-bio-9080-exec-23 /OB_SERVICE_MOB/bsnl/DKYCService/saveDKYCJob 342 12.223 12223 12223
10.192.219.165 - - [09/Jun/2020:09:55:09 +0530] "POST /OB_SERVICE_MOB/bsnl/DKYCService/saveDKYCJob HTTP/1.0" 10.192.219.165 200 - http-bio-9080-exec-4 /OB_SERVICE_MOB/bsnl/DKYCService/saveDKYCJob 344 12.623 12623 12623
10.192.219.165 - - [09/Jun/2020:09:55:16 +0530] "POST /OB_SERVICE_MOB/bsnl/DKYCService/saveDKYCJob HTTP/1.0" 10.192.219.165 200 - http-bio-9080-exec-8 /OB_SERVICE_MOB/bsnl/DKYCService/saveDKYCJob 344 43.004 43004 43004
10.192.219.165 - - [09/Jun/2020:09:56:30 +0530] "POST /OB_SERVICE_MOB/bsnl/OnboardIntegrationService/getPairedSim HTTP/1.0" 10.192.219.165 200 - http-bio-9080-exec-28 /OB_SERVICE_MOB/bsnl/OnboardIntegrationService/getPairedSim 60 13.798 13798 13797
10.192.219.165 - - [09/Jun/2020:09:56:31 +0530] "POST /OB_SERVICE_MOB/bsnl/DKYCService/saveDKYCJob HTTP/1.0" 10.192.219.165 200 - http-bio-9080-exec-36 /OB_SERVICE_MOB/bsnl/DKYCService/saveDKYCJob 343 59.355 59355 59355
10.192.219.165 - - [09/Jun/2020:09:57:38 +0530] "POST /OB_SERVICE_MOB/bsnl/DKYCService/saveDKYCJob HTTP/1.0" 10.192.219.165 200 - http-bio-9080-exec-8 /OB_SERVICE_MOB/bsnl/DKYCService/saveDKYCJob 339 37.063 37063 37063
10.192.219.164 - - [09/Jun/2020:10:00:12 +0530] "POST /OB_SERVICE_MOB/bsnl/DKYCService/saveDKYCJob HTTP/1.1" 10.192.219.164 200 - http-bio-9080-exec-26 /OB_SERVICE_MOB/bsnl/DKYCService/saveDKYCJob 343 10.247 10247 10247
10.192.219.165 - - [09/Jun/2020:10:01:13 +0530] "POST /OB_SERVICE_MOB/bsnl/DKYCService/saveDKYCJob HTTP/1.0" 10.192.219.165 200 - http-bio-9080-exec-20 /OB_SERVICE_MOB/bsnl/DKYCService/saveDKYCJob 343 63.917 63917 63917
10.192.219.165 - - [09/Jun/2020:10:01:28 +0530] "POST /OB_SERVICE_MOB/bsnl/DKYCService/sendOTPSIMUpgrade HTTP/1.0" 10.192.219.165 200 - http-bio-9080-exec-16 /OB_SERVICE_MOB/bsnl/DKYCService/sendOTPSIMUpgrade 115 19.541 19541 19541
10.192.219.164 - - [09/Jun/2020:10:01:32 +0530] "POST /OB_SERVICE_MOB/bsnl/DKYCService/saveDKYCJob HTTP/1.1" 10.192.219.164 200 - http-bio-9080-exec-35 /OB_SERVICE_MOB/bsnl/DKYCService/saveDKYCJob 344 54.301 54301 54301
10.192.219.164 - - [09/Jun/2020:10:01:43 +0530] "POST /OB_SERVICE_MOB/bsnl/DKYCService/saveDKYCJob HTTP/1.1" 10.192.219.164 200 - http-bio-9080-exec-12 /OB_SERVICE_MOB/bsnl/DKYCService/saveDKYCJob 342 22.434 22434 22434
10.192.219.164 - - [09/Jun/2020:10:02:58 +0530] "POST /OB_SERVICE_MOB/bsnl/OnboardIntegrationService/getPairedSim HTTP/1.1" 10.192.219.164 200 - http-bio-9080-exec-9 /OB_SERVICE_MOB/bsnl/OnboardIntegrationService/getPairedSim 60 18.086 18086 18086
10.192.219.165 - - [09/Jun/2020:10:03:13 +0530] "POST /OB_SERVICE_MOB/bsnl/OnboardIntegrationService/getPairedSim HTTP/1.0" 10.192.219.165 200 - http-bio-9080-exec-29 /OB_SERVICE_MOB/bsnl/OnboardIntegrationService/getPairedSim 60 20.636 20636 20636
10.192.219.164 - - [09/Jun/2020:10:03:47 +0530] "POST /OB_SERVICE_MOB/bsnl/OnboardIntegrationService/getPairedSim HTTP/1.1" 10.192.219.164 200 - http-bio-9080-exec-33 /OB_SERVICE_MOB/bsnl/OnboardIntegrationService/getPairedSim 103 19.552 19552 19552
10.192.219.165 - - [09/Jun/2020:10:04:31 +0530] "POST /OB_SERVICE_MOB/bsnl/DKYCService/saveDKYCJob HTTP/1.0" 10.192.219.165 200 - http-bio-9080-exec-22 /OB_SERVICE_MOB/bsnl/DKYCService/saveDKYCJob 342 19.625 19625 19625
10.192.219.165 - - [09/Jun/2020:10:04:37 +0530] "POST /OB_SERVICE_MOB/bsnl/DKYCService/saveDKYCJob HTTP/1.0" 10.192.219.165 200 - http-bio-9080-exec-6 /OB_SERVICE_MOB/bsnl/DKYCService/saveDKYCJob 344 10.915 10915 10915
10.192.219.164 - - [09/Jun/2020:10:04:59 +0530] "POST /OB_SERVICE_MOB/bsnl/DKYCService/saveDKYCJob HTTP/1.1" 10.192.219.164 200 - http-bio-9080-exec-41 /OB_SERVICE_MOB/bsnl/DKYCService/saveDKYCJob 340 16.737 16737 16737
10.192.219.165 - - [09/Jun/2020:10:05:01 +0530] "POST /OB_SERVICE_MOB/bsnl/DKYCService/saveDKYCJob HTTP/1.0" 10.192.219.165 200 - http-bio-9080-exec-9 /OB_SERVICE_MOB/bsnl/DKYCService/saveDKYCJob 337 55.258 55258 55258
10.192.219.165 - - [09/Jun/2020:10:05:31 +0530] "POST /OB_SERVICE_MOB/bsnl/DKYCService/saveDKYCJob HTTP/1.0" 10.192.219.165 200 - http-bio-9080-exec-10 /OB_SERVICE_MOB/bsnl/DKYCService/saveDKYCJob 344 18.190 18190 18190
10.192.219.164 - - [09/Jun/2020:10:05:39 +0530] "POST /OB_SERVICE_MOB/bsnl/DKYCService/simUpgrade HTTP/1.1" 10.192.219.164 200 - http-bio-9080-exec-23 /OB_SERVICE_MOB/bsnl/DKYCService/simUpgrade 68 10.924 10924 10924
10.192.219.164 - - [09/Jun/2020:10:05:59 +0530] "POST /OB_SERVICE_MOB/bsnl/DKYCService/saveDKYCJob HTTP/1.1" 10.192.219.164 200 - http-bio-9080-exec-38 /OB_SERVICE_MOB/bsnl/DKYCService/saveDKYCJob 342 27.898 27898 27898
10.192.219.165 - - [09/Jun/2020:10:06:00 +0530] "POST /OB_SERVICE_MOB/bsnl/DKYCService/saveDKYCJob HTTP/1.0" 10.192.219.165 200 - http-bio-9080-exec-11 /OB_SERVICE_MOB/bsnl/DKYCService/saveDKYCJob 344 13.427 13427 13427
10.192.219.165 - - [09/Jun/2020:10:06:45 +0530] "POST /OB_SERVICE_MOB/bsnl/DKYCService/saveDKYCJob HTTP/1.0" 10.192.219.165 200 - http-bio-9080-exec-5 /OB_SERVICE_MOB/bsnl/DKYCService/saveDKYCJob 343 109.092 109092 109092
10.192.219.165 - - [09/Jun/2020:10:07:01 +0530] "POST /OB_SERVICE_MOB/bsnl/DKYCService/saveDKYCJob HTTP/1.0" 10.192.219.165 200 - http-bio-9080-exec-23 /OB_SERVICE_MOB/bsnl/DKYCService/saveDKYCJob 344 18.794 18794 18794
10.192.219.164 - - [09/Jun/2020:10:07:02 +0530] "POST /OB_SERVICE_MOB/bsnl/DKYCService/saveDKYCJob HTTP/1.1" 10.192.219.164 200 - http-bio-9080-exec-24 /OB_SERVICE_MOB/bsnl/DKYCService/saveDKYCJob 344 13.475 13475 13475
10.192.219.165 - - [09/Jun/2020:10:07:33 +0530] "POST /OB_SERVICE_MOB/bsnl/DKYCService/saveDKYCJob HTTP/1.0" 10.192.219.165 200 - http-bio-9080-exec-20 /OB_SERVICE_MOB/bsnl/DKYCService/saveDKYCJob 344 130.214 130214 130214
10.192.219.164 - - [09/Jun/2020:10:07:46 +0530] "POST /OB_SERVICE_MOB/bsnl/OnboardIntegrationService/getPairedSim HTTP/1.1" 10.192.219.164 200 - http-bio-9080-exec-10 /OB_SERVICE_MOB/bsnl/OnboardIntegrationService/getPairedSim 60 21.627 21627 21627
10.192.219.164 - - [09/Jun/2020:10:08:08 +0530] "POST /OB_SERVICE_MOB/bsnl/DKYCService/saveDKYCJob HTTP/1.1" 10.192.219.164 200 - http-bio-9080-exec-12 /OB_SERVICE_MOB/bsnl/DKYCService/saveDKYCJob 342 19.668 19668 19668
10.192.219.165 - - [09/Jun/2020:10:08:45 +0530] "POST /OB_SERVICE_MOB/bsnl/DKYCService/saveDKYCJob HTTP/1.0" 10.192.219.165 200 - http-bio-9080-exec-15 /OB_SERVICE_MOB/bsnl/DKYCService/saveDKYCJob 344 18.336 18336 18336
10.192.219.165 - - [09/Jun/2020:10:09:03 +0530] "POST /OB_SERVICE_MOB/bsnl/DKYCService/saveDKYCJob HTTP/1.0" 10.192.219.165 200 - http-bio-9080-exec-20 /OB_SERVICE_MOB/bsnl/DKYCService/saveDKYCJob 344 41.445 41445 41445
10.192.219.165 - - [09/Jun/2020:10:09:11 +0530] "POST /OB_SERVICE_MOB/bsnl/DKYCService/saveDKYCJob HTTP/1.0" 10.192.219.165 200 - http-bio-9080-exec-35 /OB_SERVICE_MOB/bsnl/DKYCService/saveDKYCJob 343 20.038 20038 20038
10.192.219.164 - - [09/Jun/2020:10:09:25 +0530] "POST /OB_SERVICE_MOB/bsnl/DKYCService/saveDKYCJob HTTP/1.1" 10.192.219.164 200 - http-bio-9080-exec-38 /OB_SERVICE_MOB/bsnl/DKYCService/saveDKYCJob 344 11.435 11435 11434
10.192.219.165 - - [09/Jun/2020:10:10:24 +0530] "POST /OB_SERVICE_MOB/bsnl/DKYCService/saveDKYCJob HTTP/1.0" 10.192.219.165 200 - http-bio-9080-exec-3 /OB_SERVICE_MOB/bsnl/DKYCService/saveDKYCJob 344 56.691 56691 56691
10.192.219.165 - - [09/Jun/2020:10:12:40 +0530] "POST /OB_SERVICE_MOB/bsnl/OnboardIntegrationService/getPairedSim HTTP/1.0" 10.192.219.165 200 - http-bio-9080-exec-37 /OB_SERVICE_MOB/bsnl/OnboardIntegrationService/getPairedSim 60 19.575 19575 19574
10.192.219.164 - - [09/Jun/2020:10:13:04 +0530] "POST /OB_SERVICE_MOB/bsnl/DKYCService/saveDKYCJob HTTP/1.1" 10.192.219.164 200 - http-bio-9080-exec-2 /OB_SERVICE_MOB/bsnl/DKYCService/saveDKYCJob 343 12.255 12255 12255
10.192.219.164 - - [09/Jun/2020:10:13:41 +0530] "POST /OB_SERVICE_MOB/bsnl/DKYCService/saveDKYCJob HTTP/1.1" 10.192.219.164 200 - http-bio-9080-exec-21 /OB_SERVICE_MOB/bsnl/DKYCService/saveDKYCJob 344 85.641 85641 85641
10.192.219.165 - - [09/Jun/2020:10:16:18 +0530] "POST /OB_SERVICE_MOB/bsnl/DKYCService/saveDKYCJob HTTP/1.0" 10.192.219.165 200 - http-bio-9080-exec-16 /OB_SERVICE_MOB/bsnl/DKYCService/saveDKYCJob 344 15.196 15196 15196
10.192.219.165 - - [09/Jun/2020:10:17:03 +0530] "POST /OB_SERVICE_MOB/bsnl/DKYCService/saveDKYCJob HTTP/1.0" 10.192.219.165 200 - http-bio-9080-exec-14 /OB_SERVICE_MOB/bsnl/DKYCService/saveDKYCJob 344 20.582 20582 20582
10.192.219.164 - - [09/Jun/2020:10:17:24 +0530] "POST /OB_SERVICE_MOB/bsnl/DKYCService/saveDKYCJob HTTP/1.1" 10.192.219.164 200 - http-bio-9080-exec-19 /OB_SERVICE_MOB/bsnl/DKYCService/saveDKYCJob 344 17.637 17637 17637
10.192.219.165 - - [09/Jun/2020:10:17:55 +0530] "POST /OB_SERVICE_MOB/bsnl/DKYCService/saveDKYCJob HTTP/1.0" 10.192.219.165 200 - http-bio-9080-exec-20 /OB_SERVICE_MOB/bsnl/DKYCService/saveDKYCJob 343 42.871 42871 42871
10.192.219.164 - - [09/Jun/2020:10:18:07 +0530] "POST /OB_SERVICE_MOB/bsnl/DKYCService/saveDKYCJob HTTP/1.1" 10.192.219.164 200 - http-bio-9080-exec-33 /OB_SERVICE_MOB/bsnl/DKYCService/saveDKYCJob 343 13.611 13611 13611
10.192.219.164 - - [09/Jun/2020:10:18:10 +0530] "POST /OB_SERVICE_MOB/bsnl/DKYCService/saveDKYCJob HTTP/1.1" 10.192.219.164 200 - http-bio-9080-exec-8 /OB_SERVICE_MOB/bsnl/DKYCService/saveDKYCJob 340 13.140 13140 13140
10.192.219.164 - - [09/Jun/2020:10:18:20 +0530] "POST /OB_SERVICE_MOB/bsnl/DKYCService/saveDKYCJob HTTP/1.1" 10.192.219.164 500 - http-bio-9080-exec-11 /OB_SERVICE_MOB/bsnl/DKYCService/saveDKYCJob 8932 30.391 30391 30391
10.192.219.165 - - [09/Jun/2020:10:18:28 +0530] "POST /OB_SERVICE_MOB/bsnl/DKYCService/saveDKYCJob HTTP/1.0" 10.192.219.165 400 - http-bio-9080-exec-12 /OB_SERVICE_MOB/bsnl/DKYCService/saveDKYCJob 958 34.520 34520 34520
10.192.219.165 - - [09/Jun/2020:10:19:56 +0530] "POST /OB_SERVICE_MOB/bsnl/DKYCService/saveDKYCJob HTTP/1.0" 10.192.219.165 200 - http-bio-9080-exec-10 /OB_SERVICE_MOB/bsnl/DKYCService/saveDKYCJob 344 26.079 26079 26079
10.192.219.165 - - [09/Jun/2020:10:20:32 +0530] "POST /OB_SERVICE_MOB/bsnl/DKYCService/simUpgrade HTTP/1.0" 10.192.219.165 200 - http-bio-9080-exec-39 /OB_SERVICE_MOB/bsnl/DKYCService/simUpgrade 68 11.163 11163 11163
10.192.219.165 - - [09/Jun/2020:10:20:47 +0530] "POST /OB_SERVICE_MOB/bsnl/OnboardIntegrationService/getPairedSim HTTP/1.0" 10.192.219.165 200 - http-bio-9080-exec-7 /OB_SERVICE_MOB/bsnl/OnboardIntegrationService/getPairedSim 95 22.074 22074 22074
10.192.219.164 - - [09/Jun/2020:10:21:00 +0530] "POST /OB_SERVICE_MOB/bsnl/DKYCService/saveDKYCJob HTTP/1.1" 10.192.219.164 200 - http-bio-9080-exec-17 /OB_SERVICE_MOB/bsnl/DKYCService/saveDKYCJob 344 11.936 11936 11936
10.192.219.28 - - [09/Jun/2020:10:21:09 +0530] "POST /OB_SERVICE_LL/bsnl/Exchange/reserveLLNo HTTP/1.1" 10.192.219.28 200 - http-bio-9080-exec-38 /OB_SERVICE_LL/bsnl/Exchange/reserveLLNo 228 23.747 23747 23747
10.192.219.164 - - [09/Jun/2020:10:21:09 +0530] "POST /Wings/reserveWingsLLNos.do HTTP/1.1" 10.192.219.164 200 C1EF1873792606C535EE9B1E79B10504.nod1worker1 http-bio-9080-exec-32 /Wings/reserveWingsLLNos.do 538 23.753 23753 23753
10.192.219.164 - - [09/Jun/2020:10:21:18 +0530] "POST /OB_SERVICE_MOB/bsnl/OnboardIntegrationService/getPairedSim HTTP/1.1" 10.192.219.164 200 - http-bio-9080-exec-7 /OB_SERVICE_MOB/bsnl/OnboardIntegrationService/getPairedSim 60 21.523 21523 21522
10.192.219.165 - - [09/Jun/2020:10:21:34 +0530] "POST /OB_SERVICE_MOB/bsnl/OnboardIntegrationService/getPairedSim HTTP/1.0" 10.192.219.165 200 - http-bio-9080-exec-18 /OB_SERVICE_MOB/bsnl/OnboardIntegrationService/getPairedSim 60 21.497 21497 21497
10.192.219.164 - - [09/Jun/2020:10:21:41 +0530] "POST /OB_SERVICE_MOB/bsnl/DKYCService/saveDKYCJob HTTP/1.1" 10.192.219.164 200 - http-bio-9080-exec-12 /OB_SERVICE_MOB/bsnl/DKYCService/saveDKYCJob 344 72.760 72760 72760
10.192.219.164 - - [09/Jun/2020:10:22:00 +0530] "POST /OB_SERVICE_MOB/bsnl/DKYCService/saveDKYCJob HTTP/1.1" 10.192.219.164 200 - http-bio-9080-exec-14 /OB_SERVICE_MOB/bsnl/DKYCService/saveDKYCJob 344 22.388 22388 22388
10.192.219.165 - - [09/Jun/2020:10:22:07 +0530] "POST /OB_SERVICE_MOB/bsnl/DKYCService/saveDKYCJob HTTP/1.0" 10.192.219.165 400 - http-bio-9080-exec-8 /OB_SERVICE_MOB/bsnl/DKYCService/saveDKYCJob 958 43.205 43205 43205
10.192.219.165 - - [09/Jun/2020:10:22:18 +0530] "POST /OB_SERVICE_MOB/bsnl/DKYCService/saveDKYCJob HTTP/1.0" 10.192.219.165 200 - http-bio-9080-exec-19 /OB_SERVICE_MOB/bsnl/DKYCService/saveDKYCJob 337 15.255 15255 15255
10.192.219.165 - - [09/Jun/2020:10:22:41 +0530] "POST /OB_SERVICE_MOB/bsnl/POSInfo/updatePOSAddrDetails HTTP/1.0" 10.192.219.165 200 - http-bio-9080-exec-28 /OB_SERVICE_MOB/bsnl/POSInfo/updatePOSAddrDetails 79 21.640 21640 21640
10.192.219.164 - - [09/Jun/2020:10:22:43 +0530] "POST /OB_SERVICE_MOB/bsnl/DKYCService/saveDKYCJob HTTP/1.1" 10.192.219.164 200 - http-bio-9080-exec-22 /OB_SERVICE_MOB/bsnl/DKYCService/saveDKYCJob 344 84.349 84349 84349
10.192.219.165 - - [09/Jun/2020:10:22:51 +0530] "POST /OB_SERVICE_MOB/bsnl/DKYCService/saveDKYCJob HTTP/1.0" 10.192.219.165 400 - http-bio-9080-exec-1 /OB_SERVICE_MOB/bsnl/DKYCService/saveDKYCJob 958 40.310 40310 40310
